[    0.000000] Initializing cgroup subsys cpuset
[    0.000000] Initializing cgroup subsys cpu
[    0.000000] Initializing cgroup subsys cpuacct
[    0.000000] Linux version 4.4.0-72-generic (buildd@lcy01-17) (gcc version 5.4.0 20160609 (Ubuntu 5.4.0-6ubuntu1~16.04.4) ) #93-Ubuntu SMP Fri Mar 31 14:07:41 UTC 2017 (Ubuntu 4.4.0-72.93-generic 4.4.49)
[    0.000000] Command line: BOOT_IMAGE=/boot/vmlinuz-4.4.0-72-generic root=LABEL=cloudimg-rootfs ro console=tty1 console=ttyS0
[    0.000000] KERNEL supported cpus:
[    0.000000]   Intel GenuineIntel
[    0.000000]   AMD AuthenticAMD
[    0.000000]   Centaur CentaurHauls
[    0.000000] x86/fpu: xstate_offset[2]:  576, xstate_sizes[2]:  256
[    0.000000] x86/fpu: Supporting XSAVE feature 0x01: 'x87 floating point registers'
[    0.000000] x86/fpu: Supporting XSAVE feature 0x02: 'SSE registers'
[    0.000000] x86/fpu: Supporting XSAVE feature 0x04: 'AVX registers'
[    0.000000] x86/fpu: Enabled xstate features 0x7, context size is 832 bytes, using 'standard' format.
[    0.000000] x86/fpu: Using 'lazy' FPU context switches.
[    0.000000] e820: BIOS-provided physical RAM map:
[    0.000000] BIOS-e820: [mem 0x0000000000000000-0x000000000009fbff] usable
[    0.000000] BIOS-e820: [mem 0x000000000009fc00-0x000000000009ffff] reserved
[    0.000000] BIOS-e820: [mem 0x00000000000f0000-0x00000000000fffff] reserved
[    0.000000] BIOS-e820: [mem 0x0000000000100000-0x000000003ffeffff] usable
[    0.000000] BIOS-e820: [mem 0x000000003fff0000-0x000000003fffffff] ACPI data
[    0.000000] BIOS-e820: [mem 0x00000000fec00000-0x00000000fec00fff] reserved
[    0.000000] BIOS-e820: [mem 0x00000000fee00000-0x00000000fee00fff] reserved
[    0.000000] BIOS-e820: [mem 0x00000000fffc0000-0x00000000ffffffff] reserved
[    0.000000] NX (Execute Disable) protection: active
[    0.000000] SMBIOS 2.5 present.
[    0.000000] Hypervisor detected: KVM
[    0.000000] e820: last_pfn = 0x3fff0 max_arch_pfn = 0x400000000
[    0.000000] MTRR: Disabled
[    0.000000] x86/PAT: MTRRs disabled, skipping PAT initialization too.
[    0.000000] x86/PAT: Configuration [0-7]: WB  WT  UC- UC  WB  WT  UC- UC  
[    0.000000] CPU MTRRs all blank - virtualized system.
[    0.000000] found SMP MP-table at [mem 0x0009fff0-0x0009ffff] mapped at [ffff88000009fff0]
[    0.000000] Scanning 1 areas for low memory corruption
[    0.000000] RAMDISK: [mem 0x36aec000-0x3756dfff]
[    0.000000] ACPI: Early table checksum verification disabled
[    0.000000] ACPI: RSDP 0x00000000000E0000 000024 (v02 VBOX  )
[    0.000000] ACPI: XSDT 0x000000003FFF0030 00003C (v01 VBOX   VBOXXSDT 00000001 ASL  00000061)
[    0.000000] ACPI: FACP 0x000000003FFF00F0 0000F4 (v04 VBOX   VBOXFACP 00000001 ASL  00000061)
[    0.000000] ACPI: DSDT 0x000000003FFF0470 0021C8 (v02 VBOX   VBOXBIOS 00000002 INTL 20100528)
[    0.000000] ACPI: FACS 0x000000003FFF0200 000040
[    0.000000] ACPI: FACS 0x000000003FFF0200 000040
[    0.000000] ACPI: APIC 0x000000003FFF0240 00005C (v02 VBOX   VBOXAPIC 00000001 ASL  00000061)
[    0.000000] ACPI: SSDT 0x000000003FFF02A0 0001CC (v01 VBOX   VBOXCPUT 00000002 INTL 20100528)
[    0.000000] No NUMA configuration found
[    0.000000] Faking a node at [mem 0x0000000000000000-0x000000003ffeffff]
[    0.000000] NODE_DATA(0) allocated [mem 0x3ffeb000-0x3ffeffff]
[    0.000000] kvm-clock: Using msrs 4b564d01 and 4b564d00
[    0.000000] kvm-clock: cpu 0, msr 0:3ffe3001, primary cpu clock
[    0.000000] kvm-clock: using sched offset of 3029681957 cycles
[    0.000000] clocksource: kvm-clock: mask: 0xffffffffffffffff max_cycles: 0x1cd42e4dffb, max_idle_ns: 881590591483 ns
[    0.000000] Zone ranges:
[    0.000000]   DMA      [mem 0x0000000000001000-0x0000000000ffffff]
[    0.000000]   DMA32    [mem 0x0000000001000000-0x000000003ffeffff]
[    0.000000]   Normal   empty
[    0.000000]   Device   empty
[    0.000000] Movable zone start for each node
[    0.000000] Early memory node ranges
[    0.000000]   node   0: [mem 0x0000000000001000-0x000000000009efff]
[    0.000000]   node   0: [mem 0x0000000000100000-0x000000003ffeffff]
[    0.000000] Initmem setup node 0 [mem 0x0000000000001000-0x000000003ffeffff]
[    0.000000] ACPI: PM-Timer IO Port: 0x4008
[    0.000000] IOAPIC[0]: apic_id 2, version 32, address 0xfec00000, GSI 0-23
[    0.000000] ACPI: INT_SRC_OVR (bus 0 bus_irq 0 global_irq 2 dfl dfl)
[    0.000000] ACPI: INT_SRC_OVR (bus 0 bus_irq 9 global_irq 9 high level)
[    0.000000] Using ACPI (MADT) for SMP configuration information
[    0.000000] smpboot: Allowing 2 CPUs, 0 hotplug CPUs
[    0.000000] PM: Registered nosave memory: [mem 0x00000000-0x00000fff]
[    0.000000] PM: Registered nosave memory: [mem 0x0009f000-0x0009ffff]
[    0.000000] PM: Registered nosave memory: [mem 0x000a0000-0x000effff]
[    0.000000] PM: Registered nosave memory: [mem 0x000f0000-0x000fffff]
[    0.000000] e820: [mem 0x40000000-0xfebfffff] available for PCI devices
[    0.000000] Booting paravirtualized kernel on KVM
[    0.000000] clocksource: refined-jiffies: mask: 0xffffffff max_cycles: 0xffffffff, max_idle_ns: 7645519600211568 ns
[    0.000000] setup_percpu: NR_CPUS:512 nr_cpumask_bits:512 nr_cpu_ids:2 nr_node_ids:1
[    0.000000] PERCPU: Embedded 33 pages/cpu @ffff88003fc00000 s98264 r8192 d28712 u1048576
[    0.000000] PV qspinlock hash table entries: 256 (order: 0, 4096 bytes)
[    0.000000] Built 1 zonelists in Node order, mobility grouping on.  Total pages: 257913
[    0.000000] Policy zone: DMA32
[    0.000000] Kernel command line: BOOT_IMAGE=/boot/vmlinuz-4.4.0-72-generic root=LABEL=cloudimg-rootfs ro console=tty1 console=ttyS0
[    0.000000] PID hash table entries: 4096 (order: 3, 32768 bytes)
[    0.000000] Memory: 1001820K/1048120K available (8452K kernel code, 1293K rwdata, 3976K rodata, 1484K init, 1316K bss, 46300K reserved, 0K cma-reserved)
[    0.000000] SLUB: HWalign=64, Order=0-3, MinObjects=0, CPUs=2, Nodes=1
[    0.000000] Hierarchical RCU implementation.
[    0.000000] 	Build-time adjustment of leaf fanout to 64.
[    0.000000] 	RCU restricting CPUs from NR_CPUS=512 to nr_cpu_ids=2.
[    0.000000] RCU: Adjusting geometry for rcu_fanout_leaf=64, nr_cpu_ids=2
[    0.000000] NR_IRQS:33024 nr_irqs:440 16
[    0.000000] Console: colour VGA+ 80x25
[    0.000000] console [tty1] enabled
[    0.000000] console [ttyS0] enabled
[    0.000000] tsc: Detected 2893.406 MHz processor
[    0.766814] Calibrating delay loop (skipped) preset value.. 5786.81 BogoMIPS (lpj=11573624)
[    0.781984] pid_max: default: 32768 minimum: 301
[    0.788456] ACPI: Core revision 20150930
[    0.807586] ACPI: 2 ACPI AML tables successfully acquired and loaded
[    0.814810] Security Framework initialized
[    0.815922] Yama: becoming mindful.
[    0.816944] AppArmor: AppArmor initialized
[    0.818181] Dentry cache hash table entries: 131072 (order: 8, 1048576 bytes)
[    0.820498] Inode-cache hash table entries: 65536 (order: 7, 524288 bytes)
[    0.835608] Mount-cache hash table entries: 2048 (order: 2, 16384 bytes)
[    0.853679] Mountpoint-cache hash table entries: 2048 (order: 2, 16384 bytes)
[    0.863588] Initializing cgroup subsys io
[    0.873840] Initializing cgroup subsys memory
[    0.883013] Initializing cgroup subsys devices
[    0.885493] Initializing cgroup subsys freezer
[    0.886692] Initializing cgroup subsys net_cls
[    0.887883] Initializing cgroup subsys perf_event
[    0.889201] Initializing cgroup subsys net_prio
[    0.895772] Initializing cgroup subsys hugetlb
[    0.896961] Initializing cgroup subsys pids
[    0.898341] CPU: Physical Processor ID: 0
[    0.902318] CPU: Processor Core ID: 0
[    0.903646] mce: CPU supports 0 MCE banks
[    0.910181] Last level iTLB entries: 4KB 512, 2MB 8, 4MB 8
[    0.911305] Last level dTLB entries: 4KB 512, 2MB 32, 4MB 32, 1GB 0
[    0.928124] Freeing SMP alternatives memory: 32K (ffffffff820b8000 - ffffffff820c0000)
[    0.943384] ftrace: allocating 32111 entries in 126 pages
[    0.992048] smpboot: APIC(0) Converting physical 0 to logical package 0
[    0.993493] smpboot: Max logical packages: 1
[    1.008117] x2apic enabled
[    1.019477] Switched APIC routing to physical x2apic.
[    1.028430] ..TIMER: vector=0x30 apic1=0 pin1=2 apic2=-1 pin2=-1
[    1.145355] smpboot: CPU0: Intel(R) Core(TM) i7-3520M CPU @ 2.90GHz (family: 0x6, model: 0x3a, stepping: 0x9)
[    1.160796] Performance Events: unsupported p6 CPU model 58 no PMU driver, software events only.
[    1.162697] KVM setup paravirtual spinlock
[    1.169835] x86: Booting SMP configuration:
[    1.189110] .... node  #0, CPUs:      #1
[    1.197173] kvm-clock: cpu 1, msr 0:3ffe3041, secondary cpu clock
[    1.247206] mce: CPU supports 0 MCE banks
[    1.249758] x86: Booted up 1 node, 2 CPUs
[    1.250864] smpboot: Total of 2 processors activated (11573.62 BogoMIPS)
[    1.265173] devtmpfs: initialized
[    1.268491] evm: security.selinux
[    1.274774] evm: security.SMACK64
[    1.288988] evm: security.SMACK64EXEC
[    1.300245] evm: security.SMACK64TRANSMUTE
[    1.310648] evm: security.SMACK64MMAP
[    1.323592] evm: security.ima
[    1.341853] evm: security.capability
[    1.373394] clocksource: jiffies: mask: 0xffffffff max_cycles: 0xffffffff, max_idle_ns: 7645041785100000 ns
[    1.385702] pinctrl core: initialized pinctrl subsystem
[    1.403195] RTC time: 15:41:26, date: 04/23/17
[    1.411112] NET: Registered protocol family 16
[    1.453802] cpuidle: using governor ladder
[    1.478031] cpuidle: using governor menu
[    1.492278] PCCT header not found.
[    1.495384] ACPI: bus type PCI registered
[    1.502745] acpiphp: ACPI Hot Plug PCI Controller Driver version: 0.5
[    1.509952] PCI: Using configuration type 1 for base access
[    1.554802] ACPI: Added _OSI(Module Device)
[    1.567294] ACPI: Added _OSI(Processor Device)
[    1.588157] ACPI: Added _OSI(3.0 _SCP Extensions)
[    1.612474] ACPI: Added _OSI(Processor Aggregator Device)
[    1.624495] ACPI: Executed 1 blocks of module-level executable AML code
[    1.646288] ACPI: Interpreter enabled
[    1.658908] ACPI: (supports S0 S5)
[    1.662749] ACPI: Using IOAPIC for interrupt routing
[    1.671009] PCI: Using host bridge windows from ACPI; if necessary, use "pci=nocrs" and report a bug
[    1.692789] ACPI: PCI Root Bridge [PCI0] (domain 0000 [bus 00-ff])
[    1.699676] acpi PNP0A03:00: _OSC: OS supports [ASPM ClockPM Segments MSI]
[    1.706361] acpi PNP0A03:00: _OSC failed (AE_NOT_FOUND); disabling ASPM
[    1.718703] acpi PNP0A03:00: fail to add MMCONFIG information, can't access extended PCI configuration space under this bridge.
[    1.727746] PCI host bridge to bus 0000:00
[    1.734093] pci_bus 0000:00: root bus resource [io  0x0000-0x0cf7 window]
[    1.747403] pci_bus 0000:00: root bus resource [io  0x0d00-0xffff window]
[    1.754279] pci_bus 0000:00: root bus resource [mem 0x000a0000-0x000bffff window]
[    1.762281] pci_bus 0000:00: root bus resource [mem 0x40000000-0xffdfffff window]
[    1.772390] pci_bus 0000:00: root bus resource [bus 00-ff]
[    1.782688] pci 0000:00:01.1: legacy IDE quirk: reg 0x10: [io  0x01f0-0x01f7]
[    1.797775] pci 0000:00:01.1: legacy IDE quirk: reg 0x14: [io  0x03f6]
[    1.804935] pci 0000:00:01.1: legacy IDE quirk: reg 0x18: [io  0x0170-0x0177]
[    1.832780] pci 0000:00:01.1: legacy IDE quirk: reg 0x1c: [io  0x0376]
[    1.853765] pci 0000:00:07.0: quirk: [io  0x4000-0x403f] claimed by PIIX4 ACPI
[    1.860750] pci 0000:00:07.0: quirk: [io  0x4100-0x410f] claimed by PIIX4 SMB
[    1.896948] ACPI: PCI Interrupt Link [LNKA] (IRQs 5 9 10 *11)
[    1.909829] ACPI: PCI Interrupt Link [LNKB] (IRQs 5 9 10 *11)
[    1.947097] ACPI: PCI Interrupt Link [LNKC] (IRQs 5 9 *10 11)
[    1.961323] ACPI: PCI Interrupt Link [LNKD] (IRQs 5 *9 10 11)
[    1.978291] ACPI: Enabled 2 GPEs in block 00 to 07
[    1.998408] vgaarb: setting as boot device: PCI:0000:00:02.0
[    2.003353] vgaarb: device added: PCI:0000:00:02.0,decodes=io+mem,owns=io+mem,locks=none
[    2.017998] vgaarb: loaded
[    2.029606] vgaarb: bridge control possible 0000:00:02.0
[    2.036166] SCSI subsystem initialized
[    2.050463] ACPI: bus type USB registered
[    2.063639] usbcore: registered new interface driver usbfs
[    2.065064] usbcore: registered new interface driver hub
[    2.066510] usbcore: registered new device driver usb
[    2.100783] PCI: Using ACPI for IRQ routing
[    2.111705] NetLabel: Initializing
[    2.117983] NetLabel:  domain hash size = 128
[    2.133766] NetLabel:  protocols = UNLABELED CIPSOv4
[    2.153538] NetLabel:  unlabeled traffic allowed by default
[    2.164076] amd_nb: Cannot enumerate AMD northbridges
[    2.171070] clocksource: Switched to clocksource kvm-clock
[    2.183885] AppArmor: AppArmor Filesystem Enabled
[    2.192887] pnp: PnP ACPI init
[    2.204196] pnp: PnP ACPI: found 3 devices
[    2.231102] clocksource: acpi_pm: mask: 0xffffff max_cycles: 0xffffff, max_idle_ns: 2085701024 ns
[    2.238276] NET: Registered protocol family 2
[    2.246215] TCP established hash table entries: 8192 (order: 4, 65536 bytes)
[    2.285062] TCP bind hash table entries: 8192 (order: 5, 131072 bytes)
[    2.294084] TCP: Hash tables configured (established 8192 bind 8192)
[    2.295287] UDP hash table entries: 512 (order: 2, 16384 bytes)
[    2.301985] UDP-Lite hash table entries: 512 (order: 2, 16384 bytes)
[    2.314659] NET: Registered protocol family 1
[    2.352210] pci 0000:00:00.0: Limiting direct PCI/PCI transfers
[    2.353601] pci 0000:00:01.0: Activating ISA DMA hang workarounds
[    2.359564] Unpacking initramfs...
[    4.044423] Freeing initrd memory: 10760K (ffff880036aec000 - ffff88003756e000)
[    4.055749] RAPL PMU detected, API unit is 2^-32 Joules, 3 fixed counters 10737418240 ms ovfl timer
[    4.080374] hw unit of domain pp0-core 2^-0 Joules
[    4.081351] hw unit of domain package 2^-0 Joules
[    4.087755] hw unit of domain pp1-gpu 2^-0 Joules
[    4.104382] platform rtc_cmos: registered platform RTC device (no PNP device found)
[    4.116071] Scanning for low memory corruption every 60 seconds
[    4.118135] futex hash table entries: 512 (order: 3, 32768 bytes)
[    4.125259] audit: initializing netlink subsys (disabled)
[    4.127561] audit: type=2000 audit(1492962092.244:1): initialized
[    4.136572] Initialise system trusted keyring
[    4.143268] HugeTLB registered 2 MB page size, pre-allocated 0 pages
[    4.166831] zbud: loaded
[    4.173676] VFS: Disk quotas dquot_6.6.0
[    4.188469] VFS: Dquot-cache hash table entries: 512 (order 0, 4096 bytes)
[    4.207175] squashfs: version 4.0 (2009/01/31) Phillip Lougher
[    4.215173] fuse init (API version 7.23)
[    4.239860] Key type big_key registered
[    4.246136] Allocating IMA MOK and blacklist keyrings.
[    4.248635] Key type asymmetric registered
[    4.253266] Asymmetric key parser 'x509' registered
[    4.255645] Block layer SCSI generic (bsg) driver version 0.4 loaded (major 249)
[    4.262726] io scheduler noop registered
[    4.270033] io scheduler deadline registered (default)
[    4.271431] io scheduler cfq registered
[    4.277860] pci_hotplug: PCI Hot Plug PCI Core version: 0.5
[    4.278936] pciehp: PCI Express Hot Plug Controller Driver version: 0.4
[    4.284801] ACPI: AC Adapter [AC] (off-line)
[    4.306957] input: Power Button as /devices/LNXSYSTM:00/LNXPWRBN:00/input/input0
[    4.309759] ACPI: Power Button [PWRF]
[    4.319940] input: Sleep Button as /devices/LNXSYSTM:00/LNXSLPBN:00/input/input1
[    4.361813] ACPI: Sleep Button [SLPF]
[    4.363196] GHES: HEST is not enabled!
[    4.364188] ACPI: Battery Slot [BAT0] (battery present)
[    4.373069] Serial: 8250/16550 driver, 32 ports, IRQ sharing enabled
[    4.410736] 00:02: ttyS0 at I/O 0x3f8 (irq = 4, base_baud = 115200) is a 16550A
[    4.422908] Linux agpgart interface v0.103
[    4.436341] loop: module loaded
[    4.441803] scsi host0: ata_piix
[    4.448354] scsi host1: ata_piix
[    4.458565] ata1: PATA max UDMA/33 cmd 0x1f0 ctl 0x3f6 bmdma 0xd000 irq 14
[    4.465656] ata2: PATA max UDMA/33 cmd 0x170 ctl 0x376 bmdma 0xd008 irq 15
[    4.485430] libphy: Fixed MDIO Bus: probed
[    4.493342] tun: Universal TUN/TAP device driver, 1.6
[    4.502395] tun: (C) 1999-2004 Max Krasnyansky <maxk@qualcomm.com>
[    4.517328] PPP generic driver version 2.4.2
[    4.518622] ehci_hcd: USB 2.0 'Enhanced' Host Controller (EHCI) Driver
[    4.542252] ehci-pci: EHCI PCI platform driver
[    4.543227] ehci-platform: EHCI generic platform driver
[    4.552512] ohci_hcd: USB 1.1 'Open' Host Controller (OHCI) Driver
[    4.559127] ohci-pci: OHCI PCI platform driver
[    4.560080] ohci-platform: OHCI generic platform driver
[    4.585266] uhci_hcd: USB Universal Host Controller Interface driver
[    4.600656] i8042: PNP: PS/2 Controller [PNP0303:PS2K,PNP0f03:PS2M] at 0x60,0x64 irq 1,12
[    4.610813] serio: i8042 KBD port at 0x60,0x64 irq 1
[    4.616050] serio: i8042 AUX port at 0x60,0x64 irq 12
[    4.622603] mousedev: PS/2 mouse device common for all mice
[    4.657831] input: AT Translated Set 2 keyboard as /devices/platform/i8042/serio0/input/input2
[    4.665231] rtc_cmos rtc_cmos: rtc core: registered rtc_cmos as rtc0
[    4.672221] rtc_cmos rtc_cmos: alarms up to one day, 114 bytes nvram
[    4.696535] i2c /dev entries driver
[    4.734086] device-mapper: uevent: version 1.0.3
[    4.744634] device-mapper: ioctl: 4.34.0-ioctl (2015-10-28) initialised: dm-devel@redhat.com
[    4.805166] ledtrig-cpu: registered to indicate activity on CPUs
[    4.865080] NET: Registered protocol family 10
[    4.874938] NET: Registered protocol family 17
[    4.921210] Key type dns_resolver registered
[    4.934439] microcode: CPU0 sig=0x306a9, pf=0x2, revision=0x19
[    5.014190] microcode: CPU1 sig=0x306a9, pf=0x2, revision=0x19
[    5.040422] microcode: Microcode Update Driver: v2.01 <tigran@aivazian.fsnet.co.uk>, Peter Oruba
[    5.067986] registered taskstats version 1
[    5.072897] Loading compiled-in X.509 certificates
[    5.079961] Loaded X.509 cert 'Build time autogenerated kernel key: 04ae903e4643330d1fe41947e79c28b436494994'
[    5.094932] zswap: loaded using pool lzo/zbud
[    5.109973] tsc: Refined TSC clocksource calibration: 2893.071 MHz
[    5.147692] clocksource: tsc: mask: 0xffffffffffffffff max_cycles: 0x29b3b1560af, max_idle_ns: 440795252908 ns
[    5.164898] Key type trusted registered
[    5.187013] Key type encrypted registered
[    5.234108] AppArmor: AppArmor sha1 policy hashing enabled
[    5.244644] ima: No TPM chip found, activating TPM-bypass!
[    5.254207] evm: HMAC attrs: 0x1
[    5.266126]   Magic number: 13:439:690
[    5.267238]   hash matches /build/linux-wXdoVv/linux-4.4.0/drivers/base/power/main.c:1065
[    5.275159] mem mem: hash matches
[    5.304432] rtc_cmos rtc_cmos: setting system clock to 2017-04-23 15:41:30 UTC (1492962090)
[    5.306335] BIOS EDD facility v0.16 2004-Jun-25, 0 devices found
[    5.353918] EDD information not available.
[    5.356114] Freeing unused kernel memory: 1484K (ffffffff81f45000 - ffffffff820b8000)
[    5.403707] Write protecting the kernel read-only data: 14336k
[    5.414810] Freeing unused kernel memory: 1776K (ffff880001844000 - ffff880001a00000)
[    5.505407] Freeing unused kernel memory: 120K (ffff880001de2000 - ffff880001e00000)
Loading, please wait...
starting version[    5.535333] random: systemd-udevd: uninitialized urandom read (16 bytes read, 2 bits of entropy available)
 229
[    5.535864] random: udevadm: uninitialized urandom read (16 bytes read, 2 bits of entropy available)
[    5.535900] random: udevadm: uninitialized urandom read (16 bytes read, 2 bits of entropy available)
[    5.536016] random: udevadm: uninitialized urandom read (16 bytes read, 2 bits of entropy available)
[    5.536060] random: udevadm: uninitialized urandom read (16 bytes read, 2 bits of entropy available)
[    5.536103] random: udevadm: uninitialized urandom read (16 bytes read, 2 bits of entropy available)
[    5.536148] random: udevadm: uninitialized urandom read (16 bytes read, 2 bits of entropy available)
[    5.536192] random: udevadm: uninitialized urandom read (16 bytes read, 2 bits of entropy available)
[    5.536234] random: udevadm: uninitialized urandom read (16 bytes read, 2 bits of entropy available)
[    5.536277] random: udevadm: uninitialized urandom read (16 bytes read, 2 bits of entropy available)
[    6.022133] Fusion MPT base driver 3.04.20
[    6.027549] Copyright (c) 1999-2008 LSI Corporation
[    6.029256] e1000: Intel(R) PRO/1000 Network Driver - version 7.3.21-k8-NAPI
[    6.050066] e1000: Copyright (c) 1999-2006 Intel Corporation.
[    6.060465] Fusion MPT SPI Host driver 3.04.20
[    6.163034] AVX version of gcm_enc/dec engaged.
[    6.173645] AES CTR mode by8 optimization enabled
[    6.362177] input: ImExPS/2 Generic Explorer Mouse as /devices/platform/i8042/serio1/input/input4
[    6.541359] e1000 0000:00:03.0 eth0: (PCI:33MHz:32-bit) 02:91:6d:88:d6:00
[    6.566351] e1000 0000:00:03.0 eth0: Intel(R) PRO/1000 Network Connection
[    6.951915] e1000 0000:00:08.0 eth1: (PCI:33MHz:32-bit) 08:00:27:6a:ff:cf
[    6.964226] e1000 0000:00:08.0 eth1: Intel(R) PRO/1000 Network Connection
[    6.982462] mptbase: ioc0: Initiating bringup
[    6.983151] e1000 0000:00:03.0 enp0s3: renamed from eth0
[    7.127405] e1000 0000:00:08.0 enp0s8: renamed from eth1
[    7.195459] ioc0: LSI53C1030 A0: Capabilities={Initiator}
[    7.377919] scsi host2: ioc0: LSI53C1030 A0, FwRev=00000000h, Ports=1, MaxQ=256, IRQ=20
[    7.515676] scsi 2:0:0:0: Direct-Access     VBOX     HARDDISK         1.0  PQ: 0 ANSI: 5
[    7.596561] scsi target2:0:0: Beginning Domain Validation
[    7.602613] scsi target2:0:0: Domain Validation skipping write tests
[    7.614903] scsi target2:0:0: Ending Domain Validation
[    7.627997] scsi target2:0:0: asynchronous
[    7.640639] scsi 2:0:1:0: Direct-Access     VBOX     HARDDISK         1.0  PQ: 0 ANSI: 5
[    7.650049] scsi target2:0:1: Beginning Domain Validation
[    7.658110] scsi target2:0:1: Domain Validation skipping write tests
[    7.680927] scsi target2:0:1: Ending Domain Validation
[    7.682048] scsi target2:0:1: asynchronous
[    7.691936] sd 2:0:0:0: [sda] 20971520 512-byte logical blocks: (10.7 GB/10.0 GiB)
[    7.692224] sd 2:0:0:0: Attached scsi generic sg0 type 0
[    7.692441] sd 2:0:1:0: Attached scsi generic sg1 type 0
[    7.692940] sd 2:0:1:0: [sdb] 20480 512-byte logical blocks: (10.5 MB/10.0 MiB)
[    7.693108] sd 2:0:1:0: [sdb] Write Protect is off
[    7.693217] sd 2:0:1:0: [sdb] Incomplete mode parameter data
[    7.693217] sd 2:0:1:0: [sdb] Assuming drive cache: write through
[    7.694934] sd 2:0:1:0: [sdb] Attached SCSI disk
[    7.902295] sd 2:0:0:0: [sda] Write Protect is off
[    7.904029] sd 2:0:0:0: [sda] Incomplete mode parameter data
[    7.905580] sd 2:0:0:0: [sda] Assuming drive cache: write through
[    7.909035]  sda: sda1
[    7.920779] sd 2:0:0:0: [sda] Attached SCSI disk
[    9.055518] floppy0: no floppy controllers found
Begin: Loading e[   10.373562] md: linear personality registered for level -1
ssential drivers[   10.415569] md: multipath personality registered for level -4
 ... [   10.423188] md: raid0 personality registered for level 0
[   10.434891] md: raid1 personality registered for level 1
[   10.515211] raid6: sse2x1   gen()  9477 MB/s
[   10.587119] raid6: sse2x1   xor()  7433 MB/s
[   10.663169] raid6: sse2x2   gen() 10751 MB/s
[   10.751392] raid6: sse2x2   xor()  5006 MB/s
[   10.823164] raid6: sse2x4   gen() 12464 MB/s
[   10.903087] raid6: sse2x4   xor()  9078 MB/s
[   10.914545] raid6: using algorithm sse2x4 gen() 12464 MB/s
[   10.921285] raid6: .... xor() 9078 MB/s, rmw enabled
[   10.933535] raid6: using ssse3x2 recovery algorithm
[   10.948251] xor: automatically using best checksumming function:
[   11.008878]    avx       : 25219.000 MB/sec
[   11.045211] async_tx: api initialized (async)
[   11.068089] md: raid6 personality registered for level 6
[   11.092798] md: raid5 personality registered for level 5
[   11.103886] md: raid4 personality registered for level 4
[   11.115163] md: raid10 personality registered for level 10
done.
Begin: Running /scripts/init-premount ... done.
Begin: Mounting root file system ... Begin: Running /scripts/[   11.153032] Btrfs loaded
local-top ... done.
Begin: Running /scripts/local-premount ... Scanning for Btrfs filesystems
done.
Warning: fsck not present, so sk[   11.175857] EXT4-fs (sda1): mounted filesystem with ordered data mode. Opts: (null)
ipping root file system
done.
Begin: Running /scripts/local-bottom ... done.
Begin: Running /scripts/init-bottom ... done.
[   11.266792] systemd[1]: systemd 229 running in system mode. (+PAM +AUDIT +SELINUX +IMA +APPARMOR +SMACK +SYSVINIT +UTMP +LIBCRYPTSETUP +GCRYPT +GNUTLS +ACL +XZ -LZ4 +SECCOMP +BLKID +ELFUTILS +KMOD -IDN)
[   11.291281] systemd[1]: Detected virtualization oracle.
[   11.340531] systemd[1]: Detected architecture x86-64.

Welcome to [1mUbuntu 16.04.2 LTS[0m!

[   11.419553] systemd[1]: Set hostname to <ubuntu>.
[   11.422837] systemd[1]: Initializing machine ID from random generator.
[   11.434535] systemd[1]: Installed transient /etc/machine-id file.
[   11.595432] systemd[1]: Reached target Encrypted Volumes.
[[0;32m  OK  [0m] Reached target Encrypted Volumes.
[   11.631651] systemd[1]: Started Forward Password Requests to Wall Directory Watch.
[[0;32m  OK  [0m] Started Forward Password Requests to Wall Directory Watch.
[   11.687362] systemd[1]: Listening on udev Kernel Socket.
[[0;32m  OK  [0m] Listening on udev Kernel Socket.
[   11.767510] systemd[1]: Listening on /dev/initctl Compatibility Named Pipe.
[[0;32m  OK  [0m] Listening on /dev/initctl Compatibility Named Pipe.
[   11.807247] systemd[1]: Listening on udev Control Socket.
[[0;32m  OK  [0m] Listening on udev Control Socket.
[   11.835990] systemd[1]: Created slice System Slice.
[[0;32m  OK  [0m] Created slice System Slice.
[   11.857740] systemd[1]: Created slice User and Session Slice.
[[0;32m  OK  [0m] Created slice User and Session Slice.
[   11.883546] systemd[1]: Listening on Journal Socket (/dev/log).
[[0;32m  OK  [0m] Listening on Journal Socket (/dev/log).
[   11.908454] systemd[1]: Reached target Slices.
[[0;32m  OK  [0m] Reached target Slices.
[   11.997833] systemd[1]: Reached target User and Group Name Lookups.
[[0;32m  OK  [0m] Reached target User and Group Name Lookups.
[   12.013999] systemd[1]: Listening on LVM2 metadata daemon socket.
[[0;32m  OK  [0m] Listening on LVM2 metadata daemon socket.
[   12.039415] systemd[1]: Listening on Device-mapper event daemon FIFOs.
[[0;32m  OK  [0m] Listening on Device-mapper event daemon FIFOs.
[   12.073458] systemd[1]: Set up automount Arbitrary Executable File Formats File System Automount Point.
[[0;32m  OK  [0m] Set up automount Arbitrary Executab...ats File System Automount Point.
[   12.103619] systemd[1]: Listening on Journal Audit Socket.
[[0;32m  OK  [0m] Listening on Journal Audit Socket.
[   12.159867] systemd[1]: Created slice system-serial\x2dgetty.slice.
[[0;32m  OK  [0m] Created slice system-serial\x2dgetty.slice.
[   12.201189] systemd[1]: Listening on LVM2 poll daemon socket.
[[0;32m  OK  [0m] Listening on LVM2 poll daemon socket.
[   12.224742] systemd[1]: Listening on Syslog Socket.
[[0;32m  OK  [0m] Listening on Syslog Socket.
[   12.270520] systemd[1]: Listening on Journal Socket.
[[0;32m  OK  [0m] Listening on Journal Socket.
[   12.323660] systemd[1]: Mounting POSIX Message Queue File System...
         Mounting POSIX Message Queue File System...
[   12.379728] systemd[1]: Starting Set console keymap...
         Starting Set console keymap...
[   12.392160] systemd[1]: Starting Monitoring of LVM2 mirrors, snapshots etc. using dmeventd or progress polling...
         Starting Monitoring of LVM2 mirrors... dmeventd or progress polling...
[   12.435734] systemd[1]: Starting Remount Root and Kernel File Systems...
[   12.438404] EXT4-fs (sda1): re-mounted. Opts: (null)
         Starting Remount Root and Kernel File Systems...
[   12.491400] systemd[1]: Starting Journal Service...
         Starting Journal Service...
[   12.502345] systemd[1]: Starting Load Kernel Modules...
[   12.510612] Loading iSCSI transport class v2.0-870.
         Startin[   12.522393] iscsi: registered transport (tcp)
g Load Kernel Modules...
[   12.551503] systemd[1]: Mounting Huge Pages File System...
         Mounting Huge Pages File System...
[   12.576196] systemd[1]: Starting Nameserver information manager...
         Starting Nameserver information manager...
[   12.600850] systemd[1]: Mounting Debug File System...
         Mounting Debug File System...
[   12.613230] iscsi: registered transport (iser)
[   12.623002] systemd[1]: Starting Uncomplicated firewall...
         Starting Uncomplicated firewall...
[   12.647587] systemd[1]: Reached target Swap.
[[0;32m  OK  [0m] Reached target Swap.
[   12.703636] systemd[1]: Starting Create list of required static device nodes for the current kernel...
         Starting Create list of required st... nodes for the current kernel...
[   12.731457] systemd[1]: Mounted POSIX Message Queue File System.
[[0;32m  OK  [0m] Mounted POSIX Message Queue File System.
[   12.751547] systemd[1]: Mounted Huge Pages File System.
[[0;32m  OK  [0m] Mounted Huge Pages File System.
[   12.775400] systemd[1]: Mounted Debug File System.
[[0;32m  OK  [0m] Mounted Debug File System.
[   12.807701] systemd[1]: Started Journal Service.
[[0;32m  OK  [0m] Started Journal Service.
[[0;32m  OK  [0m] Started Set console keymap.
[[0;32m  OK  [0m] Started Remount Root and Kernel File Systems.
[[0;32m  OK  [0m] Started Load Kernel Modules.
[   12.887956] random: nonblocking pool is initialized
[[0;32m  OK  [0m] Started Uncomplicated firewall.
[[0;32m  OK  [0m] Started Create list of required sta...ce nodes for the current kernel.
[[0;32m  OK  [0m] Started Nameserver information manager.
[[0;32m  OK  [0m] Started LVM2 metadata daemon.
         Starting Create Static Device Nodes in /dev...
         Starting Apply Kernel Variables...
         Mounting FUSE Control File System...
         Starting Initial cloud-init job (pre-networking)...
         Starting udev Coldplug all Devices...
         Starting Load/Save Random Seed...
         Starting Flush Journal to Persistent Storage...
[[0;32m  OK  [0m] Mounted FUSE Control File System.
[[0;32m  OK  [0m] Started Create Static Device Nodes in /dev.
[[0;32m  OK  [0m] Started Apply Kernel Variables.
[[0;32m  OK  [0m] Started Load/Save Random Seed.
[[0;32m  OK  [0m] Started udev Coldplug all Devices.
[[0;32m  OK  [0m] Started Flush Journal to Persistent Storage.
         Starting udev Kernel Device Manager...
[[0;32m  OK  [0m] Started udev Kernel Device Manager.
[[0;32m  OK  [0m] Started Dispatch Password Requests to Console Directory Watch.
[[0;32m  OK  [0m] Started Monitoring of LVM2 mirrors,...ng dmeventd or progress polling.
[[0;32m  OK  [0m] Reached target Local File Systems (Pre).
[[0;32m  OK  [0m] Reached target Local File Systems.
         Starting Commit a transient machine-id on disk...
         Starting Create Volatile Files and Directories...
         Starting Set console font and keymap...
         Starting LSB: AppArmor initialization...
         Starting Tell Plymouth To Write Out Runtime Data...
[[0;32m  OK  [0m] Started Commit a transient machine-id on disk.
[[0;32m  OK  [0m] Started Create Volatile Files and Directories.
[[0;32m  OK  [0m] Started Tell Plymouth To Write Out Runtime Data.
[   12.547040] cloud-init[441]: Cloud-init v. 0.7.9 running 'init-local' at Sun, 23 Apr 2017 15:41:38 +0000. Up 12.15 seconds.
[[0;32m  OK  [0m] Started Initial cloud-init job (pre-networking).
[[0;32m  OK  [0m] Found device /dev/ttyS0.
[[0;32m  OK  [0m] Listening on Load/Save RF Kill Switch Status /dev/rfkill Watch.
[[0;32m  OK  [0m] Reached target Network (Pre).
         Starting Update UTMP about System Boot/Shutdown...
[[0;32m  OK  [0m] Reached target System Time Synchronized.
[[0;32m  OK  [0m] Started Set console font and keymap.
[[0;32m  OK  [0m] Started Update UTMP about System Boot/Shutdown.
[[0;32m  OK  [0m] Started LSB: AppArmor initialization.
         Starting Raise network interfaces...
[[0;32m  OK  [0m] Created slice system-getty.slice.
[[0;32m  OK  [0m] Started Raise network interfaces.
         Starting Initial cloud-init job (metadata service crawler)...
[[0;32m  OK  [0m] Reached target Network.
[   15.820058] cloud-init[934]: Cloud-init v. 0.7.9 running 'init' at Sun, 23 Apr 2017 15:41:42 +0000. Up 15.38 seconds.
[   15.839811] cloud-init[934]: ci-info: ++++++++++++++++++++++++++++++++++++++Net device info++++++++++++++++++++++++++++++++++++++
[   15.908628] cloud-init[934]: ci-info: +--------+-------+----------------------------+---------------+-------+-------------------+
[   15.909027] cloud-init[934]: ci-info: | Device |   Up  |          Address           |      Mask     | Scope |     Hw-Address    |
[[0;32m  OK  [0m] Started Initial cloud-init job (metadata service crawler).
[   15.910196] cloud-init[934]: ci-info: +--------+-------+----------------------------+---------------+-------+-------------------+
[   16.012763] cloud-init[934]: ci-info: |   lo   |  True |         127.0.0.1          |   255.0.0.0   |   .   |         .         |
[   16.013471] cloud-init[934]: ci-info: |   lo   |  True |          ::1/128           |       .       |  host |         .         |
[[0;32m  OK  [0m] Reached target System Initialization.
[   16.013795] cloud-init[934]: ci-info: | enp0s3 |  True |         10.0.2.15          | 255.255.255.0 |   .   | 02:91:6d:88:d6:00 |
[   16.032076] cloud-init[934]: ci-info: | enp0s3 |  True | fe80::91:6dff:fe88:d600/64 |       .       |  link | 02:91:6d:88:d6:00 |
[[0;32m  OK  [0m] Started Daily Cleanup of Temporary Directories.
[[   16.032357] cloud-init[934]: ci-info: | enp0s8 | False |             .              |       .       |   .   | 08:00:27:6a:ff:cf |
[   16.041916] cloud-init[934]: ci-info: +--------+-------+----------------------------+---------------+-------+-------------------+
[0;32m  OK  [0m] Listening on ACPID Listen Socket.
[   16.042052] cloud-init[934]: ci-info: +++++++++++++++++++++++++++Route IPv4 info++++++++++++++++++++++++++++
[   16.170723] cloud-init[934]: ci-info: +-------+-------------+----------+---------------+-----------+-------+
[   16.171244] cloud-init[934]: ci-info: | Route | Destination | Gateway  |    Genmask    | Interface | Flags |
[[0;32m  OK  [0m] Started Daily apt activities.
[   16.171548] cloud-init[934]: ci-info: +-------+-------------+----------+---------------+-----------+-------+
[   16.297721] cloud-init[934]: ci-info: |   0   |   0.0.0.0   | 10.0.2.2 |    0.0.0.0    |   enp0s3  |   UG  |
[   16.298039] cloud-init[934]: ci-info: |   1   |   10.0.2.0  | 0.0.0.0  | 255.255.255.0 |   enp0s3  |   U   |
[[0;32m  OK  [0m] Started ACPI Events Check.
[   16.299544] cloud-init[934]: ci-info: +-------+-------------+----------+---------------+-----------+-------+
[   16.413132] cloud-init[934]: Generating public/private rsa key pair.
[   16.413535] cloud-init[934]: Your identification has been saved in /etc/ssh/ssh_host_rsa_key.
         Starting LXD - unix socket.
[   16.414193] cloud-init[934]: Your public key has been saved in /etc/ssh/ssh_host_rsa_key.pub.
[   16.498461] cloud-init[934]: The key fingerprint is:
[[0;32m  OK  [0m] Listening on D-Bus System Message Bus Socket.
[   16.498623] cloud-init[934]: SHA256:YZ+4azfgOOpXGZvogglWwJ3iYzFknuTF+i5QpI9ZhXI root@ubuntu-xenial
[   16.526930] cloud-init[934]: The key's randomart image is:
[[0;32m  OK  [0m] Listening on UUID daemon activation socket.
         Starting Socket activation for snappy daemon.
[   16.527130] cloud-init[934]: +---[RSA 2048]----+
[   16.676211] cloud-init[934]: |o+oo.            |
[   16.676570] cloud-init[934]: |**E+.            |
[[0;32m  OK  [0m] Started Trigger resolvconf update for networkd DNS.
[   16.676852] cloud-init[934]: |.O*.    o        |
[   16.681329] cloud-init[934]: |.=o.   ..+ .     |
[   16.682441] cloud-init[934]: |.*+    .S=o      |
[   16.683071] cloud-init[934]: |=...  . *.       |
[[0;32m  OK  [0m] Reached target Paths.
[   16.683341] cloud-init[934]: |o..o . +..       |
[   16.757933] cloud-init[934]: | .o.. = o.o      |
[[0;32m  OK  [0m] Started Timer to automatically refresh installed snaps.
[   16.758584] cloud-init[934]: |  ..o+ o.. .     |
[   16.800901] cloud-init[934]: +----[SHA256]-----+
[[0;32m  OK  [0m] Reached target Timers.
[   16.801007] cloud-init[934]: Generating public/private dsa key pair.
[   16.849057] cloud-init[934]: Your identification has been saved in /etc/ssh/ssh_host_dsa_key.
[[0;32m  OK  [0m] Reached target Cloud-config availability.
[[   16.849218] cloud-init[934]: Your public key has been saved in /etc/ssh/ssh_host_dsa_key.pub.
[   16.945270] cloud-init[934]: The key fingerprint is:
[0;32m  OK  [0m] Reached target Network is Online.
[   16.945401] cloud-init[934]: SHA256:E0JAsBDrn7r8VIPP3E36EeHVYfmqaMp7bpFd1JrBado root@ubuntu-xenial
[   17.034175] cloud-init[934]: The key's randomart image is:
[   17.044450] cloud-init[934]: +---[DSA 1024]----+
[   17.061243] cloud-init[934]: |o..oo..     .o+  |
         Starting iSCSI initiator daemon (iscsid)...
[[0;32m  OK  [0m] Listening on LXD - unix socket.
[[0;32m  OK  [0m] Listening on Socket activation for snappy daemon.
[   17.075345] cloud-init[934]: | o . .      oB.. |
[   17.136560] [cloud-init[0;32m  OK  [0m[934]: ] |. .   . .. .=.=  |Started iSCSI initiator daemon (iscsid).

[   17.183407]          cloud-initStarting Login to default iSCSI targets...[934]: 
|.   .  ...o. E . |
[   17.224804] [cloud-init[0;32m  OK  [0m[934]: ] | . . o  S+o . .  |Reached target Sockets.

[   17.268650] [cloud-init[0;32m  OK  [0m[934]: ] |  . * o ++.. .   |Reached target Basic System.

[[0;32m  OK  [0m] Started Deferred execution scheduler.
[   17.282870] cloud-init[934]: |   + + o oo .    |
[   17.287585] cloud-init         [934]: Starting LSB: MD monitoring daemon...|. o   . .=..     |

[[0;32m  OK  [0m] Started FUSE filesystem for LXC.
[   17.305756] cloud-init[934]: | +o.   +Bo       |
[   17.322226]          cloud-initStarting System Logging Service...[934]: 
+----[SHA256]-----+
[   17.380381] [cloud-init[0;32m  OK  [0m[934]: ] Generating public/private ecdsa key pair.Started Regular background program processing daemon.

[   17.381065] cloud-init[934]: Your identification has been saved in /etc/ssh/ssh_host_ecdsa_key.
[   17.456374]          cloud-initStarting Login Service...[934]: 
Your public key has been saved in /etc/ssh/ssh_host_ecdsa_key.pub.
[   17.488683]          cloud-initStarting Accounts Service...[934]: 
The key fingerprint is:
[   17.500808]          cloud-initStarting LXD - container startup/shutdown...[934]: 
SHA256:6hzg3OXqY64rDuKmN1VFvfvRuPaM+8t2Gvs6H3fVvzA root@ubuntu-xenial
[   17.520296]          cloud-initStarting /etc/rc.local Compatibility...[934]: 
The key's randomart image is:
[   17.568430] [cloud-init[0;32m  OK  [0m[934]: ] +---[ECDSA 256]---+Started ACPI event daemon.

[   17.568950] cloud-init[934]: |       ...       |
[   17.648524]          cloud-initStarting LSB: Record successful boot for GRUB...[934]: 
|        . .      |
[   17.666431]          Starting Apply the settings specified in cloud-config...
[[0;32m  OK  [0m] Started D-Bus System Message Bus.
cloud-init[934]: |       .   .     |
[   17.688703] cloud-init[934]: |      .   .     .|
[   17.691928] cloud-init[934]: |    ..  S  . o  o|
         Starting Pollinate to seed the pseudo random number generator...
[   17.711674] cloud-init[934]: |   o.o +  . o . o|
[[0;32m  OK  [0m] Started Snappy daemon.
         Starting Auto import assertions from block devices...
[[0;32m  OK  [0m] Started System Logging Service.
[[0;32m  OK  [0m] Started LXD - container startup/shutdown.
[[0;32m  OK  [0m] Started /etc/rc.local Compatibility.
[[0;32m  OK  [0m] Started Auto import assertions from block devices.
[   17.758707] cloud-init[934]: |o  .o + .  . E..+|
[   17.901323] cloud-init[934]: |oo+  ooo    ++=o*|
[   17.907555] cloud-init[934]: |++.oo**.   .o=XXo|
[   17.918405] cloud-init[934]: +----[SHA256]-----+
[   17.940401] cloud-init[934]: Generating public/private ed25519 key pair.
[[0;32m  OK  [0m] Started Login to default iSCSI targets.
[[0;32m  OK  [0m] Started Pollinate to seed the pseudo random number generator.
[   17.970795] cloud-init[934]: Your identification has been saved in /etc/ssh/ssh_host_ed25519_key.
[   18.058076] cloud-init[934]: Your public key has been saved in /etc/ssh/ssh_host_ed25519_key.pub.
[[0;32m  OK  [0m] Started LSB: MD monitoring daemon.
[   18.069026] cloud-init[934]: The key fingerprint is:
[   18.098734] cloud-init[934]: SHA256:E4rAW9XzO/yNGxGo7CLcSefEq6OUBuFNKSibKqfW2NA root@ubuntu-xenial
[   18.120912] cloud-init[934]: The key's randomart image is:
[[0;32m  OK  [0m] Started LSB: Record successful boot for GRUB.
[   18.135183] cloud-init[934]: +--[ED25519 256]--+
[   18.155458] cloud-init[934]: |      ..         |
[   18.181718] cloud-init[934]: | o   o  o  .     |
[   18.212148] cloud-init[934]: |o = +   .o. .    |
[[0;32m  OK  [0m] Started Login Service.
[   18.231522] cloud-init[934]: |.+ O . + o.  .   |
         Starting Authenticate and Authorize Users to Run Privileged Tasks...
[   18.299100] cloud-init[934]: |o = o o S. ..    |
[   18.367853] cloud-init[934]: |.. E + * o+  .   |
[   18.396317]          Starting OpenBSD Secure Shell server...
[[0;32m  OK  [0m] Reached target Remote File Systems (Pre).
[[0;32m  OK  [0m] Reached target Remote File Systems.
cloud-init[934]: |o * * + +  o.o   |
         Starting LSB: daemon to balance interrupts for SMP systems...
         Starting LSB: automatic crash report generation...
         Starting Permit User Sessions...
         Starting LSB: VirtualBox Linux Additions...
         Starting LSB: Set the CPU Frequency Scaling governor to "ondemand"...
[[0;32m  OK  [0m] Started OpenBSD Secure Shell server.
[[0;32m  OK  [0m] Started Permit User Sessions.
[   18.415444] cloud-init[934]: |.= = ..o    o..  |
[[0;32m  OK  [0m] Started Authenticate and Authorize Users to Run Privileged Tasks.
[   18.532685] cloud-init[934]: |o   ....    ..   |
[[0;32m  OK  [0m] Started Accounts Service.
[   18.555876] cloud-init[934]: +----[SHA256]-----+
         Starting Terminate Plymouth Boot Screen...
         Starting Hold until boot process finishes up...
[[0;32m  OK  [0m] Started LSB: daemon to balance interrupts for SMP systems.
[[0;32m  OK  [0m] Started LSB: automatic crash report generation.
[[0;32m  OK  [0m] Started LSB: VirtualBox Linux Additions.
[[0;32m  OK  [0m] Started LSB: Set the CPU Frequency Scaling governor to "ondemand".
[[0;32m  OK  [0m] Started Terminate Plymouth Boot Screen.
[[0;32m  OK  [0m] Started Hold until boot process finishes up.
[   18.676956] cloud-init[1078]: Generating locales (this might take a while)...
         Starting Set console scheme...
[[0;32m  OK  [0m] Started Serial Getty on ttyS0.
[[0;32m  OK  [0m] Started Getty on tty1.
[[0;32m  OK  [0m] Reached target Login Prompts.
[[0;32m  OK  [0m] Reached target Multi-User System.
[[0;32m  OK  [0m] Reached target Graphical Interface.
         Starting Update UTMP about System Runlevel Changes...
[[0;32m  OK  [0m] Started Set console scheme.
[[0;32m  OK  [0m] Started Update UTMP about System Runlevel Changes.
[   20.125717] cloud-init[1078]:   en_US.UTF-8... done
[   20.137393] cloud-init[1078]: Generation complete.
         Stopping OpenBSD Secure Shell server...
[[0;32m  OK  [0m] Stopped OpenBSD Secure Shell server.
         Starting OpenBSD Secure Shell server...
[[0;32m  OK  [0m] Started OpenBSD Secure Shell server.
[[0;32m  OK  [0m] Created slice User Slice of ubuntu.
         Starting User Manager for UID 1000...
[[0;32m  OK  [0m] Started User Manager for UID 1000.
[[0;32m  OK  [0m] Started Session 1 of user ubuntu.
[   20.595171] cloud-init[1078]: Cloud-init v. 0.7.9 running 'modules:config' at Sun, 23 Apr 2017 15:41:45 +0000. Up 18.33 seconds.
[[0;32m  OK  [0m] Started Apply the settings specified in cloud-config.
         Starting Execute cloud user/final scripts...
ci-info: no authorized ssh keys fingerprints found for user ubuntu.
<14>Apr 23 15:41:48 ec2: 
<14>Apr 23 15:41:48 ec2: #############################################################
<14>Apr 23 15:41:48 ec2: -----BEGIN SSH HOST KEY FINGERPRINTS-----
<14>Apr 23 15:41:48 ec2: 1024 SHA256:E0JAsBDrn7r8VIPP3E36EeHVYfmqaMp7bpFd1JrBado root@ubuntu-xenial (DSA)
<14>Apr 23 15:41:48 ec2: 256 SHA256:6hzg3OXqY64rDuKmN1VFvfvRuPaM+8t2Gvs6H3fVvzA root@ubuntu-xenial (ECDSA)
<14>Apr 23 15:41:48 ec2: 256 SHA256:E4rAW9XzO/yNGxGo7CLcSefEq6OUBuFNKSibKqfW2NA root@ubuntu-xenial (ED25519)
<14>Apr 23 15:41:48 ec2: 2048 SHA256:YZ+4azfgOOpXGZvogglWwJ3iYzFknuTF+i5QpI9ZhXI root@ubuntu-xenial (RSA)
<14>Apr 23 15:41:48 ec2: -----END SSH HOST KEY FINGERPRINTS-----
<14>Apr 23 15:41:48 ec2: #############################################################
-----BEGIN SSH HOST KEY KEYS-----
ecdsa-sha2-nistp256 AAAAE2VjZHNhLXNoYTItbmlzdHAyNTYAAAAIbmlzdHAyNTYAAABBBNCKy67qzt+278Bp3Q8GPsmPCMJBMRC/NgaHCdYgc6YHwiQ37TN2nAwhs0ZCWhaC1uH1o95KnRZq/P5xmoyfoxw= root@ubuntu-xenial
ssh-ed25519 AAAAC3NzaC1lZDI1NTE5AAAAINH7NhwV1DaEXMWflEb38rPvEU3Wbve3g7enUlyukdg7 root@ubuntu-xenial
ssh-rsa AAAAB3NzaC1yc2EAAAADAQABAAABAQC4t5u72AAVP8osvyX0GlJ31FJ+O3CkKUfWjOXXjXbpsDmUmklzzrrs7dJx4GYTpGhrBKL/wiwF+6S0OBDW5zx5f1BqHhXoAzNxTZy34Bza3wKXVohjzNxebP8CGU4WsOURxs6Dt7lWtB5K4SYmg0zCnVmGMv7Ggb8UMFvH/laC8q1pyVXwY/emodZTIsMg7nOTT8C3Yzgx4ikf54DHtzQ8e1/Ldu83D2rBRf+dmge1CTGPSTXEMvgHO7/8Ezoi7X79aMSllrkhZTPAD/lps814sEACE6cqA1gphlDs1pr0md69pbzr+0ZOW9ZKa23Eb+STnMCobgzSpH6SYy2Pf2uV root@ubuntu-xenial
-----END SSH HOST KEY KEYS-----
[   21.789434] cloud-init[1363]: Cloud-init v. 0.7.9 running 'modules:final' at Sun, 23 Apr 2017 15:41:48 +0000. Up 21.29 seconds.
[   21.794324] cloud-init[1363]: ci-info: no authorized ssh keys fingerprints found for user ubuntu.
[   21.803798] cloud-init[1363]: Cloud-init v. 0.7.9 finished at Sun, 23 Apr 2017 15:41:48 +0000. Datasource DataSourceNoCloud [seed=/dev/sdb][dsmode=net].  Up 21.77 seconds
[[0;32m  OK  [0m] Started Execute cloud user/final scripts.
[[0;32m  OK  [0m] Reached target Cloud-init target.

Ubuntu 16.04.2 LTS ubuntu-xenial ttyS0

ubuntu-xenial login: 