[    0.000000] Initializing cgroup subsys cpuset
[    0.000000] Initializing cgroup subsys cpu
[    0.000000] Initializing cgroup subsys cpuacct
[    0.000000] Linux version 4.4.0-72-generic (buildd@lcy01-17) (gcc version 5.4.0 20160609 (Ubuntu 5.4.0-6ubuntu1~16.04.4) ) #93-Ubuntu SMP Fri Mar 31 14:07:41 UTC 2017 (Ubuntu 4.4.0-72.93-generic 4.4.49)
[    0.000000] Command line: BOOT_IMAGE=/boot/vmlinuz-4.4.0-72-generic root=LABEL=cloudimg-rootfs ro console=tty1 console=ttyS0
[    0.000000] KERNEL supported cpus:
[    0.000000]   Intel GenuineIntel
[    0.000000]   AMD AuthenticAMD
[    0.000000]   Centaur CentaurHauls
[    0.000000] x86/fpu: xstate_offset[2]:  576, xstate_sizes[2]:  256
[    0.000000] x86/fpu: Supporting XSAVE feature 0x01: 'x87 floating point registers'
[    0.000000] x86/fpu: Supporting XSAVE feature 0x02: 'SSE registers'
[    0.000000] x86/fpu: Supporting XSAVE feature 0x04: 'AVX registers'
[    0.000000] x86/fpu: Enabled xstate features 0x7, context size is 832 bytes, using 'standard' format.
[    0.000000] x86/fpu: Using 'lazy' FPU context switches.
[    0.000000] e820: BIOS-provided physical RAM map:
[    0.000000] BIOS-e820: [mem 0x0000000000000000-0x000000000009fbff] usable
[    0.000000] BIOS-e820: [mem 0x000000000009fc00-0x000000000009ffff] reserved
[    0.000000] BIOS-e820: [mem 0x00000000000f0000-0x00000000000fffff] reserved
[    0.000000] BIOS-e820: [mem 0x0000000000100000-0x000000003ffeffff] usable
[    0.000000] BIOS-e820: [mem 0x000000003fff0000-0x000000003fffffff] ACPI data
[    0.000000] BIOS-e820: [mem 0x00000000fec00000-0x00000000fec00fff] reserved
[    0.000000] BIOS-e820: [mem 0x00000000fee00000-0x00000000fee00fff] reserved
[    0.000000] BIOS-e820: [mem 0x00000000fffc0000-0x00000000ffffffff] reserved
[    0.000000] NX (Execute Disable) protection: active
[    0.000000] SMBIOS 2.5 present.
[    0.000000] Hypervisor detected: KVM
[    0.000000] e820: last_pfn = 0x3fff0 max_arch_pfn = 0x400000000
[    0.000000] MTRR: Disabled
[    0.000000] x86/PAT: MTRRs disabled, skipping PAT initialization too.
[    0.000000] x86/PAT: Configuration [0-7]: WB  WT  UC- UC  WB  WT  UC- UC  
[    0.000000] CPU MTRRs all blank - virtualized system.
[    0.000000] found SMP MP-table at [mem 0x0009fff0-0x0009ffff] mapped at [ffff88000009fff0]
[    0.000000] Scanning 1 areas for low memory corruption
[    0.000000] RAMDISK: [mem 0x36aec000-0x3756dfff]
[    0.000000] ACPI: Early table checksum verification disabled
[    0.000000] ACPI: RSDP 0x00000000000E0000 000024 (v02 VBOX  )
[    0.000000] ACPI: XSDT 0x000000003FFF0030 00003C (v01 VBOX   VBOXXSDT 00000001 ASL  00000061)
[    0.000000] ACPI: FACP 0x000000003FFF00F0 0000F4 (v04 VBOX   VBOXFACP 00000001 ASL  00000061)
[    0.000000] ACPI: DSDT 0x000000003FFF0470 0021C8 (v02 VBOX   VBOXBIOS 00000002 INTL 20100528)
[    0.000000] ACPI: FACS 0x000000003FFF0200 000040
[    0.000000] ACPI: FACS 0x000000003FFF0200 000040
[    0.000000] ACPI: APIC 0x000000003FFF0240 00005C (v02 VBOX   VBOXAPIC 00000001 ASL  00000061)
[    0.000000] ACPI: SSDT 0x000000003FFF02A0 0001CC (v01 VBOX   VBOXCPUT 00000002 INTL 20100528)
[    0.000000] No NUMA configuration found
[    0.000000] Faking a node at [mem 0x0000000000000000-0x000000003ffeffff]
[    0.000000] NODE_DATA(0) allocated [mem 0x3ffeb000-0x3ffeffff]
[    0.000000] kvm-clock: Using msrs 4b564d01 and 4b564d00
[    0.000000] kvm-clock: cpu 0, msr 0:3ffe3001, primary cpu clock
[    0.000000] kvm-clock: using sched offset of 3104488446 cycles
[    0.000000] clocksource: kvm-clock: mask: 0xffffffffffffffff max_cycles: 0x1cd42e4dffb, max_idle_ns: 881590591483 ns
[    0.000000] Zone ranges:
[    0.000000]   DMA      [mem 0x0000000000001000-0x0000000000ffffff]
[    0.000000]   DMA32    [mem 0x0000000001000000-0x000000003ffeffff]
[    0.000000]   Normal   empty
[    0.000000]   Device   empty
[    0.000000] Movable zone start for each node
[    0.000000] Early memory node ranges
[    0.000000]   node   0: [mem 0x0000000000001000-0x000000000009efff]
[    0.000000]   node   0: [mem 0x0000000000100000-0x000000003ffeffff]
[    0.000000] Initmem setup node 0 [mem 0x0000000000001000-0x000000003ffeffff]
[    0.000000] ACPI: PM-Timer IO Port: 0x4008
[    0.000000] IOAPIC[0]: apic_id 2, version 32, address 0xfec00000, GSI 0-23
[    0.000000] ACPI: INT_SRC_OVR (bus 0 bus_irq 0 global_irq 2 dfl dfl)
[    0.000000] ACPI: INT_SRC_OVR (bus 0 bus_irq 9 global_irq 9 high level)
[    0.000000] Using ACPI (MADT) for SMP configuration information
[    0.000000] smpboot: Allowing 2 CPUs, 0 hotplug CPUs
[    0.000000] PM: Registered nosave memory: [mem 0x00000000-0x00000fff]
[    0.000000] PM: Registered nosave memory: [mem 0x0009f000-0x0009ffff]
[    0.000000] PM: Registered nosave memory: [mem 0x000a0000-0x000effff]
[    0.000000] PM: Registered nosave memory: [mem 0x000f0000-0x000fffff]
[    0.000000] e820: [mem 0x40000000-0xfebfffff] available for PCI devices
[    0.000000] Booting paravirtualized kernel on KVM
[    0.000000] clocksource: refined-jiffies: mask: 0xffffffff max_cycles: 0xffffffff, max_idle_ns: 7645519600211568 ns
[    0.000000] setup_percpu: NR_CPUS:512 nr_cpumask_bits:512 nr_cpu_ids:2 nr_node_ids:1
[    0.000000] PERCPU: Embedded 33 pages/cpu @ffff88003fc00000 s98264 r8192 d28712 u1048576
[    0.000000] PV qspinlock hash table entries: 256 (order: 0, 4096 bytes)
[    0.000000] Built 1 zonelists in Node order, mobility grouping on.  Total pages: 257913
[    0.000000] Policy zone: DMA32
[    0.000000] Kernel command line: BOOT_IMAGE=/boot/vmlinuz-4.4.0-72-generic root=LABEL=cloudimg-rootfs ro console=tty1 console=ttyS0
[    0.000000] PID hash table entries: 4096 (order: 3, 32768 bytes)
[    0.000000] Memory: 1001820K/1048120K available (8452K kernel code, 1293K rwdata, 3976K rodata, 1484K init, 1316K bss, 46300K reserved, 0K cma-reserved)
[    0.000000] SLUB: HWalign=64, Order=0-3, MinObjects=0, CPUs=2, Nodes=1
[    0.000000] Hierarchical RCU implementation.
[    0.000000] 	Build-time adjustment of leaf fanout to 64.
[    0.000000] 	RCU restricting CPUs from NR_CPUS=512 to nr_cpu_ids=2.
[    0.000000] RCU: Adjusting geometry for rcu_fanout_leaf=64, nr_cpu_ids=2
[    0.000000] NR_IRQS:33024 nr_irqs:440 16
[    0.000000] Console: colour VGA+ 80x25
[    0.000000] console [tty1] enabled
[    0.000000] console [ttyS0] enabled
[    0.000000] tsc: Detected 2893.406 MHz processor
[    0.652397] Calibrating delay loop (skipped) preset value.. 5786.81 BogoMIPS (lpj=11573624)
[    0.656093] pid_max: default: 32768 minimum: 301
[    0.657014] ACPI: Core revision 20150930
[    0.658634] ACPI: 2 ACPI AML tables successfully acquired and loaded
[    0.665524] Security Framework initialized
[    0.666409] Yama: becoming mindful.
[    0.667469] AppArmor: AppArmor initialized
[    0.668492] Dentry cache hash table entries: 131072 (order: 8, 1048576 bytes)
[    0.670095] Inode-cache hash table entries: 65536 (order: 7, 524288 bytes)
[    0.674827] Mount-cache hash table entries: 2048 (order: 2, 16384 bytes)
[    0.683078] Mountpoint-cache hash table entries: 2048 (order: 2, 16384 bytes)
[    0.692050] Initializing cgroup subsys io
[    0.700944] Initializing cgroup subsys memory
[    0.708499] Initializing cgroup subsys devices
[    0.709394] Initializing cgroup subsys freezer
[    0.711270] Initializing cgroup subsys net_cls
[    0.712304] Initializing cgroup subsys perf_event
[    0.722037] Initializing cgroup subsys net_prio
[    0.740507] Initializing cgroup subsys hugetlb
[    0.782168] Initializing cgroup subsys pids
[    0.801013] CPU: Physical Processor ID: 0
[    0.808981] CPU: Processor Core ID: 0
[    0.821330] mce: CPU supports 0 MCE banks
[    0.833202] Last level iTLB entries: 4KB 512, 2MB 8, 4MB 8
[    0.845269] Last level dTLB entries: 4KB 512, 2MB 32, 4MB 32, 1GB 0
[    0.864774] Freeing SMP alternatives memory: 32K (ffffffff820b8000 - ffffffff820c0000)
[    0.896669] ftrace: allocating 32111 entries in 126 pages
[    0.946298] smpboot: APIC(0) Converting physical 0 to logical package 0
[    0.971561] smpboot: Max logical packages: 1
[    0.978374] x2apic enabled
[    0.984976] Switched APIC routing to physical x2apic.
[    1.006316] ..TIMER: vector=0x30 apic1=0 pin1=2 apic2=-1 pin2=-1
[    1.116208] smpboot: CPU0: Intel(R) Core(TM) i7-3520M CPU @ 2.90GHz (family: 0x6, model: 0x3a, stepping: 0x9)
[    1.136944] Performance Events: unsupported p6 CPU model 58 no PMU driver, software events only.
[    1.162808] KVM setup paravirtual spinlock
[    1.183158] x86: Booting SMP configuration:
[    1.215491] .... node  #0, CPUs:      #1
[    1.230866] kvm-clock: cpu 1, msr 0:3ffe3041, secondary cpu clock
[    1.242905] mce: CPU supports 0 MCE banks
[    1.269927] x86: Booted up 1 node, 2 CPUs
[    1.277901] smpboot: Total of 2 processors activated (11573.62 BogoMIPS)
[    1.279551] devtmpfs: initialized
[    1.287504] evm: security.selinux
[    1.288453] evm: security.SMACK64
[    1.289406] evm: security.SMACK64EXEC
[    1.290309] evm: security.SMACK64TRANSMUTE
[    1.302064] evm: security.SMACK64MMAP
[    1.303359] evm: security.ima
[    1.311059] evm: security.capability
[    1.312153] clocksource: jiffies: mask: 0xffffffff max_cycles: 0xffffffff, max_idle_ns: 7645041785100000 ns
[    1.314171] pinctrl core: initialized pinctrl subsystem
[    1.315286] RTC time: 18:29:48, date: 04/23/17
[    1.317891] NET: Registered protocol family 16
[    1.341568] cpuidle: using governor ladder
[    1.373734] cpuidle: using governor menu
[    1.375786] PCCT header not found.
[    1.376623] ACPI: bus type PCI registered
[    1.377867] acpiphp: ACPI Hot Plug PCI Controller Driver version: 0.5
[    1.379292] PCI: Using configuration type 1 for base access
[    1.394184] ACPI: Added _OSI(Module Device)
[    1.401984] ACPI: Added _OSI(Processor Device)
[    1.408627] ACPI: Added _OSI(3.0 _SCP Extensions)
[    1.409928] ACPI: Added _OSI(Processor Aggregator Device)
[    1.417428] ACPI: Executed 1 blocks of module-level executable AML code
[    1.428517] ACPI: Interpreter enabled
[    1.430752] ACPI: (supports S0 S5)
[    1.439580] ACPI: Using IOAPIC for interrupt routing
[    1.459174] PCI: Using host bridge windows from ACPI; if necessary, use "pci=nocrs" and report a bug
[    1.468962] ACPI: PCI Root Bridge [PCI0] (domain 0000 [bus 00-ff])
[    1.476721] acpi PNP0A03:00: _OSC: OS supports [ASPM ClockPM Segments MSI]
[    1.478432] acpi PNP0A03:00: _OSC failed (AE_NOT_FOUND); disabling ASPM
[    1.480933] acpi PNP0A03:00: fail to add MMCONFIG information, can't access extended PCI configuration space under this bridge.
[    1.488960] PCI host bridge to bus 0000:00
[    1.495833] pci_bus 0000:00: root bus resource [io  0x0000-0x0cf7 window]
[    1.523264] pci_bus 0000:00: root bus resource [io  0x0d00-0xffff window]
[    1.533937] pci_bus 0000:00: root bus resource [mem 0x000a0000-0x000bffff window]
[    1.549889] pci_bus 0000:00: root bus resource [mem 0x40000000-0xffdfffff window]
[    1.556842] pci_bus 0000:00: root bus resource [bus 00-ff]
[    1.585314] pci 0000:00:01.1: legacy IDE quirk: reg 0x10: [io  0x01f0-0x01f7]
[    1.595091] pci 0000:00:01.1: legacy IDE quirk: reg 0x14: [io  0x03f6]
[    1.623022] pci 0000:00:01.1: legacy IDE quirk: reg 0x18: [io  0x0170-0x0177]
[    1.643808] pci 0000:00:01.1: legacy IDE quirk: reg 0x1c: [io  0x0376]
[    1.688338] pci 0000:00:07.0: quirk: [io  0x4000-0x403f] claimed by PIIX4 ACPI
[    1.715776] pci 0000:00:07.0: quirk: [io  0x4100-0x410f] claimed by PIIX4 SMB
[    1.744900] ACPI: PCI Interrupt Link [LNKA] (IRQs 5 9 10 *11)
[    1.774982] ACPI: PCI Interrupt Link [LNKB] (IRQs 5 9 10 *11)
[    1.792913] ACPI: PCI Interrupt Link [LNKC] (IRQs 5 9 *10 11)
[    1.808276] ACPI: PCI Interrupt Link [LNKD] (IRQs 5 *9 10 11)
[    1.829560] ACPI: Enabled 2 GPEs in block 00 to 07
[    1.841169] vgaarb: setting as boot device: PCI:0000:00:02.0
[    1.843828] vgaarb: device added: PCI:0000:00:02.0,decodes=io+mem,owns=io+mem,locks=none
[    1.845467] vgaarb: loaded
[    1.846107] vgaarb: bridge control possible 0000:00:02.0
[    1.849618] SCSI subsystem initialized
[    1.856004] ACPI: bus type USB registered
[    1.888972] usbcore: registered new interface driver usbfs
[    1.895565] usbcore: registered new interface driver hub
[    1.901103] usbcore: registered new device driver usb
[    1.910865] PCI: Using ACPI for IRQ routing
[    1.915244] NetLabel: Initializing
[    1.927126] NetLabel:  domain hash size = 128
[    1.935672] NetLabel:  protocols = UNLABELED CIPSOv4
[    1.936846] NetLabel:  unlabeled traffic allowed by default
[    1.949900] amd_nb: Cannot enumerate AMD northbridges
[    1.957184] clocksource: Switched to clocksource kvm-clock
[    1.969477] AppArmor: AppArmor Filesystem Enabled
[    2.003828] pnp: PnP ACPI init
[    2.022560] pnp: PnP ACPI: found 3 devices
[    2.041039] clocksource: acpi_pm: mask: 0xffffff max_cycles: 0xffffff, max_idle_ns: 2085701024 ns
[    2.067992] NET: Registered protocol family 2
[    2.102632] TCP established hash table entries: 8192 (order: 4, 65536 bytes)
[    2.107596] TCP bind hash table entries: 8192 (order: 5, 131072 bytes)
[    2.110910] TCP: Hash tables configured (established 8192 bind 8192)
[    2.144857] UDP hash table entries: 512 (order: 2, 16384 bytes)
[    2.172091] UDP-Lite hash table entries: 512 (order: 2, 16384 bytes)
[    2.179025] NET: Registered protocol family 1
[    2.210152] pci 0000:00:00.0: Limiting direct PCI/PCI transfers
[    2.223287] pci 0000:00:01.0: Activating ISA DMA hang workarounds
[    2.242450] Unpacking initramfs...
[    3.887685] Freeing initrd memory: 10760K (ffff880036aec000 - ffff88003756e000)
[    3.920517] RAPL PMU detected, API unit is 2^-32 Joules, 3 fixed counters 10737418240 ms ovfl timer
[    3.930265] hw unit of domain pp0-core 2^-0 Joules
[    3.935939] hw unit of domain package 2^-0 Joules
[    3.938842] hw unit of domain pp1-gpu 2^-0 Joules
[    3.944941] platform rtc_cmos: registered platform RTC device (no PNP device found)
[    3.952967] Scanning for low memory corruption every 60 seconds
[    3.962265] futex hash table entries: 512 (order: 3, 32768 bytes)
[    3.973537] audit: initializing netlink subsys (disabled)
[    3.975385] audit: type=2000 audit(1492972194.727:1): initialized
[    3.986730] Initialise system trusted keyring
[    4.006350] HugeTLB registered 2 MB page size, pre-allocated 0 pages
[    4.012342] zbud: loaded
[    4.022409] VFS: Disk quotas dquot_6.6.0
[    4.033365] VFS: Dquot-cache hash table entries: 512 (order 0, 4096 bytes)
[    4.039085] squashfs: version 4.0 (2009/01/31) Phillip Lougher
[    4.055111] fuse init (API version 7.23)
[    4.065034] Key type big_key registered
[    4.071534] Allocating IMA MOK and blacklist keyrings.
[    4.077256] Key type asymmetric registered
[    4.087107] Asymmetric key parser 'x509' registered
[    4.088411] Block layer SCSI generic (bsg) driver version 0.4 loaded (major 249)
[    4.090433] io scheduler noop registered
[    4.091250] io scheduler deadline registered (default)
[    4.092258] io scheduler cfq registered
[    4.093160] pci_hotplug: PCI Hot Plug PCI Core version: 0.5
[    4.096462] pciehp: PCI Express Hot Plug Controller Driver version: 0.4
[    4.104033] ACPI: AC Adapter [AC] (on-line)
[    4.113017] input: Power Button as /devices/LNXSYSTM:00/LNXPWRBN:00/input/input0
[    4.124553] ACPI: Power Button [PWRF]
[    4.136627] input: Sleep Button as /devices/LNXSYSTM:00/LNXSLPBN:00/input/input1
[    4.152366] ACPI: Sleep Button [SLPF]
[    4.162671] GHES: HEST is not enabled!
[    4.163580] ACPI: Battery Slot [BAT0] (battery present)
[    4.171572] Serial: 8250/16550 driver, 32 ports, IRQ sharing enabled
[    4.224860] 00:02: ttyS0 at I/O 0x3f8 (irq = 4, base_baud = 115200) is a 16550A
[    4.245682] Linux agpgart interface v0.103
[    4.254679] loop: module loaded
[    4.257321] scsi host0: ata_piix
[    4.263832] scsi host1: ata_piix
[    4.264596] ata1: PATA max UDMA/33 cmd 0x1f0 ctl 0x3f6 bmdma 0xd000 irq 14
[    4.271627] ata2: PATA max UDMA/33 cmd 0x170 ctl 0x376 bmdma 0xd008 irq 15
[    4.283604] libphy: Fixed MDIO Bus: probed
[    4.284591] tun: Universal TUN/TAP device driver, 1.6
[    4.298143] tun: (C) 1999-2004 Max Krasnyansky <maxk@qualcomm.com>
[    4.303280] PPP generic driver version 2.4.2
[    4.329496] ehci_hcd: USB 2.0 'Enhanced' Host Controller (EHCI) Driver
[    4.338531] ehci-pci: EHCI PCI platform driver
[    4.343947] ehci-platform: EHCI generic platform driver
[    4.345325] ohci_hcd: USB 1.1 'Open' Host Controller (OHCI) Driver
[    4.352353] ohci-pci: OHCI PCI platform driver
[    4.359457] ohci-platform: OHCI generic platform driver
[    4.375270] uhci_hcd: USB Universal Host Controller Interface driver
[    4.387600] i8042: PNP: PS/2 Controller [PNP0303:PS2K,PNP0f03:PS2M] at 0x60,0x64 irq 1,12
[    4.444509] serio: i8042 KBD port at 0x60,0x64 irq 1
[    4.450840] serio: i8042 AUX port at 0x60,0x64 irq 12
[    4.465978] mousedev: PS/2 mouse device common for all mice
[    4.474269] input: AT Translated Set 2 keyboard as /devices/platform/i8042/serio0/input/input2
[    4.480843] rtc_cmos rtc_cmos: rtc core: registered rtc_cmos as rtc0
[    4.518230] rtc_cmos rtc_cmos: alarms up to one day, 114 bytes nvram
[    4.559018] i2c /dev entries driver
[    4.597391] device-mapper: uevent: version 1.0.3
[    4.604612] device-mapper: ioctl: 4.34.0-ioctl (2015-10-28) initialised: dm-devel@redhat.com
[    4.623176] ledtrig-cpu: registered to indicate activity on CPUs
[    4.640426] NET: Registered protocol family 10
[    4.650345] NET: Registered protocol family 17
[    4.659419] Key type dns_resolver registered
[    4.666172] microcode: CPU0 sig=0x306a9, pf=0x2, revision=0x19
[    4.674525] microcode: CPU1 sig=0x306a9, pf=0x2, revision=0x19
[    4.678800] microcode: Microcode Update Driver: v2.01 <tigran@aivazian.fsnet.co.uk>, Peter Oruba
[    4.697727] registered taskstats version 1
[    4.698661] Loading compiled-in X.509 certificates
[    4.700224] Loaded X.509 cert 'Build time autogenerated kernel key: 04ae903e4643330d1fe41947e79c28b436494994'
[    4.737894] zswap: loaded using pool lzo/zbud
[    4.752650] Key type trusted registered
[    4.774217] Key type encrypted registered
[    4.788727] AppArmor: AppArmor sha1 policy hashing enabled
[    4.792707] ima: No TPM chip found, activating TPM-bypass!
[    4.807949] evm: HMAC attrs: 0x1
[    4.819954]   Magic number: 13:551:494
[    4.831084] rtc_cmos rtc_cmos: setting system clock to 2017-04-23 18:29:51 UTC (1492972191)
[    4.842391] BIOS EDD facility v0.16 2004-Jun-25, 0 devices found
[    4.883031] EDD information not available.
[    4.893076] Freeing unused kernel memory: 1484K (ffffffff81f45000 - ffffffff820b8000)
[    4.904194] Write protecting the kernel read-only data: 14336k
[    4.914988] Freeing unused kernel memory: 1776K (ffff880001844000 - ffff880001a00000)
[    4.927903] Freeing unused kernel memory: 120K (ffff880001de2000 - ffff880001e00000)
[    4.948625] tsc: Refined TSC clocksource calibration: 2893.500 MHz
Loading, please [    4.962806] clocksource: tsc: mask: 0xffffffffffffffff max_cycles: 0x29b546dd05e, max_idle_ns: 440795314478 ns
wait...
starting version[    4.984295] random: systemd-udevd: uninitialized urandom read (16 bytes read, 2 bits of entropy available)
 229
[    4.985174] random: udevadm: uninitialized urandom read (16 bytes read, 2 bits of entropy available)
[    4.985225] random: udevadm: uninitialized urandom read (16 bytes read, 2 bits of entropy available)
[    4.985558] random: udevadm: uninitialized urandom read (16 bytes read, 2 bits of entropy available)
[    4.985626] random: udevadm: uninitialized urandom read (16 bytes read, 2 bits of entropy available)
[    4.985723] random: udevadm: uninitialized urandom read (16 bytes read, 2 bits of entropy available)
[    4.985947] random: udevadm: uninitialized urandom read (16 bytes read, 2 bits of entropy available)
[    4.986084] random: udevadm: uninitialized urandom read (16 bytes read, 2 bits of entropy available)
[    4.986174] random: udevadm: uninitialized urandom read (16 bytes read, 2 bits of entropy available)
[    4.986249] random: udevadm: uninitialized urandom read (16 bytes read, 2 bits of entropy available)
[    5.169539] e1000: Intel(R) PRO/1000 Network Driver - version 7.3.21-k8-NAPI
[    5.181246] e1000: Copyright (c) 1999-2006 Intel Corporation.
[    5.187826] Fusion MPT base driver 3.04.20
[    5.195318] Copyright (c) 1999-2008 LSI Corporation
[    5.204003] Fusion MPT SPI Host driver 3.04.20
[    5.218162] AVX version of gcm_enc/dec engaged.
[    5.226947] AES CTR mode by8 optimization enabled
[    5.400396] input: ImExPS/2 Generic Explorer Mouse as /devices/platform/i8042/serio1/input/input4
[    5.561849] e1000 0000:00:03.0 eth0: (PCI:33MHz:32-bit) 02:91:6d:88:d6:00
[    5.568537] e1000 0000:00:03.0 eth0: Intel(R) PRO/1000 Network Connection
[    5.934076] e1000 0000:00:08.0 eth1: (PCI:33MHz:32-bit) 08:00:27:ce:1b:ac
[    5.955841] e1000 0000:00:08.0 eth1: Intel(R) PRO/1000 Network Connection
[    5.959029] e1000 0000:00:03.0 enp0s3: renamed from eth0
[    5.967438] mptbase: ioc0: Initiating bringup
[    5.985854] e1000 0000:00:08.0 enp0s8: renamed from eth1
[    6.049838] ioc0: LSI53C1030 A0: Capabilities={Initiator}
[    6.247186] scsi host2: ioc0: LSI53C1030 A0, FwRev=00000000h, Ports=1, MaxQ=256, IRQ=20
[    6.402054] scsi 2:0:0:0: Direct-Access     VBOX     HARDDISK         1.0  PQ: 0 ANSI: 5
[    6.443457] scsi target2:0:0: Beginning Domain Validation
[    6.446203] scsi target2:0:0: Domain Validation skipping write tests
[    6.497623] scsi target2:0:0: Ending Domain Validation
[    6.498775] scsi target2:0:0: asynchronous
[    6.513348] scsi 2:0:1:0: Direct-Access     VBOX     HARDDISK         1.0  PQ: 0 ANSI: 5
[    6.531323] scsi target2:0:1: Beginning Domain Validation
[    6.562612] scsi target2:0:1: Domain Validation skipping write tests
[    6.597525] scsi target2:0:1: Ending Domain Validation
[    6.613013] scsi target2:0:1: asynchronous
[    6.683079] sd 2:0:0:0: Attached scsi generic sg0 type 0
[    6.766814] sd 2:0:0:0: [sda] 20971520 512-byte logical blocks: (10.7 GB/10.0 GiB)
[    6.768747] sd 2:0:0:0: [sda] Write Protect is off
[    6.769955] sd 2:0:1:0: Attached scsi generic sg1 type 0
[    6.770226] sd 2:0:1:0: [sdb] 20480 512-byte logical blocks: (10.5 MB/10.0 MiB)
[    6.770420] sd 2:0:1:0: [sdb] Write Protect is off
[    6.770546] sd 2:0:1:0: [sdb] Incomplete mode parameter data
[    6.770547] sd 2:0:1:0: [sdb] Assuming drive cache: write through
[    6.810227] sd 2:0:0:0: [sda] Incomplete mode parameter data
[    6.810228] sd 2:0:0:0: [sda] Assuming drive cache: write through
[    6.811338]  sda: sda1
[    6.812200] sd 2:0:0:0: [sda] Attached SCSI disk
[    6.812716] sd 2:0:1:0: [sdb] Attached SCSI disk
[    8.210198] floppy0: no floppy controllers found
Begin: Loading e[    9.643066] md: linear personality registered for level -1
ssential drivers[    9.724752] md: multipath personality registered for level -4
 ... [    9.754736] md: raid0 personality registered for level 0
[    9.780556] md: raid1 personality registered for level 1
[    9.857426] raid6: sse2x1   gen()  8096 MB/s
[    9.929414] raid6: sse2x1   xor()  5278 MB/s
[   10.029271] raid6: sse2x2   gen() 11368 MB/s
[   10.097203] raid6: sse2x2   xor()  8149 MB/s
[   10.181257] raid6: sse2x4   gen() 13333 MB/s
[   10.261495] raid6: sse2x4   xor()  9259 MB/s
[   10.270722] raid6: using algorithm sse2x4 gen() 13333 MB/s
[   10.277573] raid6: .... xor() 9259 MB/s, rmw enabled
[   10.304754] raid6: using ssse3x2 recovery algorithm
[   10.317760] xor: automatically using best checksumming function:
[   10.381522]    avx       : 21985.000 MB/sec
[   10.407402] async_tx: api initialized (async)
[   10.429669] md: raid6 personality registered for level 6
[   10.443965] md: raid5 personality registered for level 5
[   10.451775] md: raid4 personality registered for level 4
[   10.480869] md: raid10 personality registered for level 10
done.
Begin: Running /scripts/init-premount ... done.
Begin: Mounting root file system ... Begin: Running /scripts/local-top ... done.
Begin:[   10.509938] Btrfs loaded
 Running /scripts/local-premount ... Scanning for Btrfs filesystems
done.
Warning: fsck no[   10.552987] EXT4-fs (sda1): mounted filesystem with ordered data mode. Opts: (null)
t present, so skipping root file system
done.
Begin: Running /scripts/local-bottom ... done.
Begin: Running /scripts/init-bottom ... done.
[   10.680145] systemd[1]: systemd 229 running in system mode. (+PAM +AUDIT +SELINUX +IMA +APPARMOR +SMACK +SYSVINIT +UTMP +LIBCRYPTSETUP +GCRYPT +GNUTLS +ACL +XZ -LZ4 +SECCOMP +BLKID +ELFUTILS +KMOD -IDN)
[   10.764009] systemd[1]: Detected virtualization oracle.
[   10.775620] systemd[1]: Detected architecture x86-64.

Welcome to [1mUbuntu 16.04.2 LTS[0m!

[   10.792506] systemd[1]: Set hostname to <ubuntu>.
[   10.801390] systemd[1]: Initializing machine ID from random generator.
[   10.807086] systemd[1]: Installed transient /etc/machine-id file.
[   10.970596] systemd[1]: Listening on LVM2 metadata daemon socket.
[[0;32m  OK  [0m] Listening on LVM2 metadata daemon socket.
[   10.987997] systemd[1]: Listening on Journal Audit Socket.
[[0;32m  OK  [0m] Listening on Journal Audit Socket.
[   10.994971] systemd[1]: Started Forward Password Requests to Wall Directory Watch.
[[0;32m  OK  [0m] Started Forward Password Requests to Wall Directory Watch.
[   11.013471] systemd[1]: Reached target Swap.
[[0;32m  OK  [0m] Reached target Swap.
[   11.044920] systemd[1]: Listening on Device-mapper event daemon FIFOs.
[[0;32m  OK  [0m] Listening on Device-mapper event daemon FIFOs.
[   11.081650] systemd[1]: Listening on /dev/initctl Compatibility Named Pipe.
[[0;32m  OK  [0m] Listening on /dev/initctl Compatibility Named Pipe.
[   11.099429] systemd[1]: Listening on Syslog Socket.
[[0;32m  OK  [0m] Listening on Syslog Socket.
[   11.109970] systemd[1]: Set up automount Arbitrary Executable File Formats File System Automount Point.
[[0;32m  OK  [0m] Set up automount Arbitrary Executab...ats File System Automount Point.
[   11.145675] systemd[1]: Reached target User and Group Name Lookups.
[[0;32m  OK  [0m] Reached target User and Group Name Lookups.
[   11.213581] systemd[1]: Listening on Journal Socket (/dev/log).
[[0;32m  OK  [0m] Listening on Journal Socket (/dev/log).
[   11.245809] systemd[1]: Listening on udev Control Socket.
[[0;32m  OK  [0m] Listening on udev Control Socket.
[   11.323383] systemd[1]: Reached target Encrypted Volumes.
[[0;32m  OK  [0m] Reached target Encrypted Volumes.
[   11.364964] systemd[1]: Listening on Journal Socket.
[[0;32m  OK  [0m] Listening on Journal Socket.
[   11.459530] systemd[1]: Listening on LVM2 poll daemon socket.
[[0;32m  OK  [0m] Listening on LVM2 poll daemon socket.
[   11.498656] systemd[1]: Created slice User and Session Slice.
[[0;32m  OK  [0m] Created slice User and Session Slice.
[   11.533269] systemd[1]: Created slice System Slice.
[[0;32m  OK  [0m] Created slice System Slice.
[   11.577810] systemd[1]: Starting Nameserver information manager...
         Starting Nameserver information manager...
[   11.641738] systemd[1]: Reached target Slices.
[[0;32m  OK  [0m] Reached target Slices.
[   11.669773] systemd[1]: Starting Set console keymap...
         Starting Set console keymap...
[   11.691145] systemd[1]: Mounting Huge Pages File System...
         Mounting Huge Pages File System...
[   11.755708] systemd[1]: Starting Load Kernel Modules...
[   11.771372] Loading iSCSI transport class v2.0-870.
         Starting Load Kernel Modules...
[   11.777576] systemd[1]: Starting Remount Root and Kernel File Systems...
         Startin[   11.783762] iscsi: registered transport (tcp)
g Remount Root a[   11.784965] EXT4-fs (sda1): re-mounted. Opts: (null)
nd Kernel File Systems...
[   11.881399] systemd[1]: Mounting Debug File System...
         Mounting Debug File System...
[   11.898333] iscsi: registered transport (iser)
[   11.899243] systemd[1]: Starting Create list of required static device nodes for the current kernel...
         Starting Create list of required st... nodes for the current kernel...
[   11.918789] systemd[1]: Starting Monitoring of LVM2 mirrors, snapshots etc. using dmeventd or progress polling...
         Starting Monitoring of LVM2 mirrors... dmeventd or progress polling...
[   11.969642] systemd[1]: Starting Uncomplicated firewall...
         Starting Uncomplicated firewall...
[   11.986652] systemd[1]: Created slice system-serial\x2dgetty.slice.
[[0;32m  OK  [0m] Created slice system-serial\x2dgetty.slice.
[   12.018098] systemd[1]: Starting Journal Service...
         Starting Journal Service...
[   12.072862] systemd[1]: Mounting POSIX Message Queue File System...
         Mounting POSIX Message Queue File System...
[   12.109819] systemd[1]: Listening on udev Kernel Socket.
[[0;32m  OK  [0m] Listening on udev Kernel Socket.
[   12.186283] systemd[1]: Mounted POSIX Message Queue File System.
[[0;32m  OK  [0m] Mounted POSIX Message Queue File System.
[   12.217581] systemd[1]: Mounted Huge Pages File System.
[[0;32m  OK  [0m] Mounted Huge Pages File System.
[   12.226455] systemd[1]: Mounted Debug File System.
[[0;32m  OK  [0m] Mounted Debug File System.
[   12.250000] systemd[1]: Started Journal Service.
[[0;32m  OK  [0m] Started Journal Service.
[[   12.289207] random: nonblocking pool is initialized
[0;32m  OK  [0m] Started Set console keymap.
[[0;32m  OK  [0m] Started Load Kernel Modules.
[[0;32m  OK  [0m] Started Remount Root and Kernel File Systems.
[[0;32m  OK  [0m] Started Create list of required sta...ce nodes for the current kernel.
[[0;32m  OK  [0m] Started Uncomplicated firewall.
[[0;32m  OK  [0m] Started Nameserver information manager.
[[0;32m  OK  [0m] Started LVM2 metadata daemon.
         Starting Create Static Device Nodes in /dev...
         Starting Initial cloud-init job (pre-networking)...
         Starting Load/Save Random Seed...
         Starting udev Coldplug all Devices...
         Mounting FUSE Control File System...
         Starting Apply Kernel Variables...
         Starting Flush Journal to Persistent Storage...
[[0;32m  OK  [0m] Mounted FUSE Control File System.
[[0;32m  OK  [0m] Started Create Static Device Nodes in /dev.
[[0;32m  OK  [0m] Started Load/Save Random Seed.
[[0;32m  OK  [0m] Started Apply Kernel Variables.
[[0;32m  OK  [0m] Started udev Coldplug all Devices.
[[0;32m  OK  [0m] Started Flush Journal to Persistent Storage.
         Starting udev Kernel Device Manager...
[[0;32m  OK  [0m] Started udev Kernel Device Manager.
[[0;32m  OK  [0m] Started Dispatch Password Requests to Console Directory Watch.
[[0;32m  OK  [0m] Started Monitoring of LVM2 mirrors,...ng dmeventd or progress polling.
[[0;32m  OK  [0m] Found device /dev/ttyS0.
[[0;32m  OK  [0m] Reached target Local File Systems (Pre).
[[0;32m  OK  [0m] Reached target Local File Systems.
         Starting Create Volatile Files and Directories...
         Starting LSB: AppArmor initialization...
         Starting Commit a transient machine-id on disk...
         Starting Set console font and keymap...
[   12.238489] cloud-init[445]: Cloud-init v. 0.7.9 running 'init-local' at Sun, 23 Apr 2017 18:30:00 +0000. Up 12.00 seconds.
         Starting Tell Plymouth To Write Out Runtime Data...
[[0;32m  OK  [0m] Started Create Volatile Files and Directories.
[[0;32m  OK  [0m] Started Commit a transient machine-id on disk.
[[0;32m  OK  [0m] Started Tell Plymouth To Write Out Runtime Data.
[[0;32m  OK  [0m] Started Initial cloud-init job (pre-networking).
[[0;32m  OK  [0m] Started Set console font and keymap.
[[0;32m  OK  [0m] Listening on Load/Save RF Kill Switch Status /dev/rfkill Watch.
[[0;32m  OK  [0m] Created slice system-getty.slice.
[[0;32m  OK  [0m] Reached target Network (Pre).
[[0;32m  OK  [0m] Reached target System Time Synchronized.
         Starting Update UTMP about System Boot/Shutdown...
[[0;32m  OK  [0m] Started Update UTMP about System Boot/Shutdown.
[[0;32m  OK  [0m] Started LSB: AppArmor initialization.
         Starting Raise network interfaces...
[[0;32m  OK  [0m] Started Raise network interfaces.
         Starting Initial cloud-init job (metadata service crawler)...
[[0;32m  OK  [0m] Reached target Network.
[   15.587260] cloud-init[938]: Cloud-init v. 0.7.9 running 'init' at Sun, 23 Apr 2017 18:30:03 +0000. Up 15.13 seconds.
[   15.636502] cloud-init[938]: ci-info: ++++++++++++++++++++++++++++++++++++++Net device info++++++++++++++++++++++++++++++++++++++
[   15.636819] cloud-init[938]: ci-info: +--------+-------+----------------------------+---------------+-------+-------------------+
[[0;32m  OK  [0m] Started Initial cloud-init job (metadata service crawler).
[   15.636914] cloud-init[938]: ci-info: | Device |   Up  |          Address           |      Mask     | Scope |     Hw-Address    |
[   15.704611] [cloud-init[0;32m  OK  [0m[938]: ] ci-info: +--------+-------+----------------------------+---------------+-------+-------------------+Reached target System Initialization.

[   15.705201] cloud-init[938]: ci-info: |   lo   |  True |         127.0.0.1          |   255.0.0.0   |   .   |         .         |
[   15.768761] cloud-init[938]: ci-info: |   lo   |  True |          ::1/128           |       .       |  host |         .         |
[   15.769133] cloud-init[938]: ci-info: | enp0s3 |  True |         10.0.2.15          | 255.255.255.0 |   .   | 02:91:6d:88:d6:00 |
[[0;32m  OK  [0m] Started ACPI Events Check.
[   15.769250] cloud-init[938]: ci-info: | enp0s3 |  True | fe80::91:6dff:fe88:d600/64 |       .       |  link | 02:91:6d:88:d6:00 |
[   15.888854] cloud-init[938]: ci-info: | enp0s8 | False |             .              |       .       |   .   | 08:00:27:ce:1b:ac |
[[0;32m  OK  [0m] Listening on D-Bus System Message Bus Socket.
[   15.888986] cloud-init[938]: ci-info: +--------+-------+----------------------------+---------------+-------+-------------------+
[   15.970127] cloud-init[938]: ci-info: +++++++++++++++++++++++++++Route IPv4 info++++++++++++++++++++++++++++
[[0;32m  OK  [0m] Started Daily Cleanup of Temporary Directories.
[[   15.970354] cloud-init[938]: ci-info: +-------+-------------+----------+---------------+-----------+-------+
[   16.097216] cloud-init[938]: ci-info: | Route | Destination | Gateway  |    Genmask    | Interface | Flags |
[0;32m  OK  [0m] Listening on UUID daemon activation socket.
[   16.097363] cloud-init[938]: ci-info: +-------+-------------+----------+---------------+-----------+-------+
[   16.202572] cloud-init[938]: ci-info: |   0   |   0.0.0.0   | 10.0.2.2 |    0.0.0.0    |   enp0s3  |   UG  |
[[0;32m  OK  [0m] Started Timer to automatically refresh installed snaps.
[   16.203106] cloud-init[938]: ci-info: |   1   |   10.0.2.0  | 0.0.0.0  | 255.255.255.0 |   enp0s3  |   U   |
[   16.312425] cloud-init[938]: ci-info: +-------+-------------+----------+---------------+-----------+-------+
[   16.312806] cloud-init[938]: Generating public/private rsa key pair.
[[0;32m  OK  [0m] Started Daily apt activities.
[   16.312901] cloud-init[938]: Your identification has been saved in /etc/ssh/ssh_host_rsa_key.
[   16.342066] cloud-init[938]: Your public key has been saved in /etc/ssh/ssh_host_rsa_key.pub.
[[0;32m  OK  [0m] Reached target Timers.
[   16.342260] cloud-init[938]: The key fingerprint is:
[   16.357262] cloud-init[938]: SHA256:y6Ie2mWyVcoQCaPVw/JC6YE0VjP8uYgPAddDpAmvdF0 root@ubuntu-xenial
[[0;32m  OK  [0m] Started Trigger resolvconf update for networkd DNS.
[   16.357368] cloud-init[938]: The key's randomart image is:
[   16.389539] cloud-init[938]: +---[RSA 2048]----+
[[0;32m  OK  [0m] Reached target Paths.
         Starting Socket activation for snappy daemon.
[[   16.389933] [0;32m  OK  [0mcloud-init] [938]: Listening on ACPID Listen Socket.|o=*@o  E         |

[   16.464457] cloud-init[938]: |+=B*X..          |
[   16.464881] cloud-init[938]: |o=+=++.          |
         Starting LXD - unix socket.
[   16.464988] cloud-init[938]: |.o+ .+           |
[   16.537238] cloud-init[938]: |. o.o . S        |
[[0;32m  OK  [0m] Reached target Cloud-config availability.
[   16.537313] cloud-init[938]: | o . + + .       |
[   16.625096] cloud-init[938]: |  o o B o        |
[[0;32m  OK  [0m] Reached target Network is Online.
[   16.625251] cloud-init[938]: |   + O .         |
         Starting iSCSI initiator daemon (iscsid)...
[   16.703808] cloud-init[938]: |  ..=            |
[   16.752476] cloud-init[938]: +----[SHA256]-----+
[   16.752827] cloud-init[938]: Generating public/private dsa key pair.
[[0;32m  OK  [0m] Listening on Socket activation for snappy daemon.
[[   16.752943] cloud-init[938]: Your identification has been saved in /etc/ssh/ssh_host_dsa_key.
[   16.829364] cloud-init[938]: Your public key has been saved in /etc/ssh/ssh_host_dsa_key.pub.
[0;32m  OK  [0m] Listening on LXD - unix socket.
[   16.829920] cloud-init[938]: The key fingerprint is:
[   16.892579] cloud-init[938]: SHA256:iq0U2L+i+axfXEm3YOB4dyO87gH6W7OV/oWo/X4RzSw root@ubuntu-xenial
[   16.936900] cloud-init[938]: The key's randomart image is:
[   16.972773] cloud-init[938]: +---[DSA 1024]----+
[   17.004709] cloud-init[938]: |      .          |
[   17.030859] cloud-init[938]: |     o o         |
[   17.048627] cloud-init[938]: |    . o B +    + |
[   17.057292] cloud-init[938]: |   o . + B o  E +|
[   17.076647] cloud-init[938]: |  . o . S .    o |
[   17.116695] cloud-init[938]: |     B =   o ..  |
[[0;32m  OK  [0m] Started iSCSI initiator daemon (iscsid).
[   17.135699] cloud-init[938]: |    + * = + . .. |
[   17.192685] cloud-init[938]: |   +.+ + O   ..  |
[   17.224835] cloud-init[938]: |  +==.+.+ o++.   |
         Starting Login to default iSCSI targets...
[[0;32m  OK  [0m] Reached target Sockets.
[[0;32m  OK  [0m] Reached target Basic System.
[   17.232180] cloud-init[938]: +----[SHA256]-----+
[   17.313744] cloud-init[938]: Generating public/private ecdsa key pair.
[[0;32m  OK  [0m[   17.340344] cloud-init[938]: Your identification has been saved in /etc/ssh/ssh_host_ecdsa_key.
[   17.341698] cloud-init[938]: Your public key has been saved in /etc/ssh/ssh_host_ecdsa_key.pub.
[   17.341787] cloud-init[938]: The key fingerprint is:
[   17.341858] cloud-init[938]: SHA256:+FJjCQESDluXh1gpHFADWEkPSDxi+bMSwSf5U9/SuqI root@ubuntu-xenial
[   17.341923] cloud-init[938]: The key's randomart image is:
[   17.341987] cloud-init[938]: +---[ECDSA 256]---+
[   17.342057] cloud-init[938]: |OX&*+=.          |
[   17.342119] cloud-init[938]: |+#=B+...         |
[   17.342195] cloud-init[938]: |+ O.o.o o        |
[   17.342271] cloud-init[938]: | . =   = +       |
[   17.342343] cloud-init[938]: |  . + . S        |
[   17.342412] cloud-init[938]: | . .   = .       |
[   17.342479] cloud-init[938]: |  .   . o        |
[   17.342561] cloud-init[938]: |     . o         |
[   17.342642] cloud-init[938]: |   E. .          |
[   17.342717] cloud-init[938]: +----[SHA256]-----+
[   17.342763] cloud-init[938]: Generating public/private ed25519 key pair.
[   17.342956] cloud-init[938]: Your identification has been saved in /etc/ssh/ssh_host_ed25519_key.
[   17.343030] cloud-init[938]: Your public key has been saved in /etc/ssh/ssh_host_ed25519_key.pub.
[   17.343100] cloud-init[938]: The key fingerprint is:
[   17.343173] cloud-init[938]: SHA256:Uu7If/HxB4yPyomP9DrkgcKwUvoKoDLbziC8lI/xgWo root@ubuntu-xenial
[   17.343211] cloud-init[938]: The key's randomart image is:
[   17.343250] cloud-init[938]: +--[ED25519 256]--+
[   17.343286] cloud-init[938]: |                 |
[   17.343322] cloud-init[938]: |                 |
[   17.343365] cloud-init[938]: |        .        |
[   17.343401] cloud-init[938]: |  o    o         |
[   17.343436] cloud-init[938]: |.o +  ..S    o   |
[   17.343472] cloud-init[938]: |* + o..+o . o o  |
[   17.343508] cloud-init[938]: |BO . .ooo. o = . |
[   17.343545] cloud-init[938]: |*EB .  oo=..o o .|
[   17.343997] cloud-init[938]: |==+o    ==*.   . |
] Started Deferred execution scheduler.
[   17.344178] cloud-init[938]: +----[SHA256]-----+
         Starting Login Service...
         Starting /etc/rc.local Compatibility...
[[0;32m  OK  [0m] Started FUSE filesystem for LXC.
         Starting Accounts Service...
         Starting Pollinate to seed the pseudo random number generator...
         Starting System Logging Service...
         Starting LSB: MD monitoring daemon...
         Starting LSB: Record successful boot for GRUB...
         Starting LXD - container startup/shutdown...
[[0;32m  OK  [0m] Started D-Bus System Message Bus.
[[0;32m  OK  [0m] Started Snappy daemon.
[[0;32m  OK  [0m] Started ACPI event daemon.
[[0;32m  OK  [0m] Started Regular background program processing daemon.
         Starting Auto import assertions from block devices...
         Starting Apply the settings specified in cloud-config...
[[0;32m  OK  [0m] Started System Logging Service.
[[0;32m  OK  [0m] Started /etc/rc.local Compatibility.
[[0;32m  OK  [0m] Started LXD - container startup/shutdown.
[[0;32m  OK  [0m] Started Auto import assertions from block devices.
[[0;32m  OK  [0m] Started Pollinate to seed the pseudo random number generator.
[[0;32m  OK  [0m] Started Login to default iSCSI targets.
[[0;32m  OK  [0m] Started LSB: Record successful boot for GRUB.
[[0;32m  OK  [0m] Started LSB: MD monitoring daemon.
[[0;32m  OK  [0m] Started Login Service.
         Starting Authenticate and Authorize Users to Run Privileged Tasks...
[[0;32m  OK  [0m] Reached target Remote File Systems (Pre).
[[0;32m  OK  [0m] Reached target Remote File Systems.
         Starting LSB: automatic crash report generation...
         Starting LSB: Set the CPU Frequency Scaling governor to "ondemand"...
         Starting Permit User Sessions...
         Starting LSB: VirtualBox Linux Additions...
         Starting LSB: daemon to balance interrupts for SMP systems...
         Starting OpenBSD Secure Shell server...
[[0;32m  OK  [0m] Started Permit User Sessions.
[[0;32m  OK  [0m] Started OpenBSD Secure Shell server.
[[0;32m  OK  [0m] Started Authenticate and Authorize Users to Run Privileged Tasks.
[[0;32m  OK  [0m] Started Accounts Service.
[[0;32m  OK  [0m] Started LSB: Set the CPU Frequency Scaling governor to "ondemand".
[[0;32m  OK  [0m] Started LSB: automatic crash report generation.
         Starting Hold until boot process finishes up...
         Starting Terminate Plymouth Boot Screen...
[[0;32m  OK  [0m] Started LSB: daemon to balance interrupts for SMP systems.
[[0;32m  OK  [0m] Started Hold until boot process finishes up.
[[0;32m  OK  [0m] Started Terminate Plymouth Boot Screen.
         Starting Set console scheme...
[   19.112374] cloud-init[1136]: Generating locales (this might take a while)...[[0;32m  OK  [0m] Started Getty on tty1.

[[0;32m  OK  [0m] Started Serial Getty on ttyS0.
[[0;32m  OK  [0m] Reached target Login Prompts.
[[0;32m  OK  [0m] Started LSB: VirtualBox Linux Additions.
[[0;32m  OK  [0m] Started Set console scheme.
[[0;32m  OK  [0m] Reached target Multi-User System.
[[0;32m  OK  [0m] Reached target Graphical Interface.
         Starting Update UTMP about System Runlevel Changes...
[[0;32m  OK  [0m] Started Update UTMP about System Runlevel Changes.
[   20.865477] cloud-init[1136]:   en_US.UTF-8... done
[   20.873816] cloud-init[1136]: Generation complete.
         Stopping OpenBSD Secure Shell server...
[[0;32m  OK  [0m] Stopped OpenBSD Secure Shell server.
         Starting OpenBSD Secure Shell server...
[[0;32m  OK  [0m] Started OpenBSD Secure Shell server.
[[0;32m  OK  [0m] Created slice User Slice of ubuntu.
         Starting User Manager for UID 1000...
[[0;32m  OK  [0m] Started Session 1 of user ubuntu.
[[0;32m  OK  [0m] Started User Manager for UID 1000.
[   21.432283] cloud-init[1136]: Cloud-init v. 0.7.9 running 'modules:config' at Sun, 23 Apr 2017 18:30:06 +0000. Up 18.85 seconds.
[[0;32m  OK  [0m] Started Apply the settings specified in cloud-config.
         Starting Execute cloud user/final scripts...
ci-info: no authorized ssh keys fingerprints found for user ubuntu.
<14>Apr 23 18:30:10 ec2: 
<14>Apr 23 18:30:10 ec2: #############################################################
<14>Apr 23 18:30:10 ec2: -----BEGIN SSH HOST KEY FINGERPRINTS-----
<14>Apr 23 18:30:10 ec2: 1024 SHA256:iq0U2L+i+axfXEm3YOB4dyO87gH6W7OV/oWo/X4RzSw root@ubuntu-xenial (DSA)
<14>Apr 23 18:30:10 ec2: 256 SHA256:+FJjCQESDluXh1gpHFADWEkPSDxi+bMSwSf5U9/SuqI root@ubuntu-xenial (ECDSA)
<14>Apr 23 18:30:10 ec2: 256 SHA256:Uu7If/HxB4yPyomP9DrkgcKwUvoKoDLbziC8lI/xgWo root@ubuntu-xenial (ED25519)
<14>Apr 23 18:30:10 ec2: 2048 SHA256:y6Ie2mWyVcoQCaPVw/JC6YE0VjP8uYgPAddDpAmvdF0 root@ubuntu-xenial (RSA)
<14>Apr 23 18:30:10 ec2: -----END SSH HOST KEY FINGERPRINTS-----
<14>Apr 23 18:30:10 ec2: #############################################################
-----BEGIN SSH HOST KEY KEYS-----
ecdsa-sha2-nistp256 AAAAE2VjZHNhLXNoYTItbmlzdHAyNTYAAAAIbmlzdHAyNTYAAABBBAnd4AzJdmdsoyToz4kYZNPXx4gpGPoiwIEGoHT4OQHfVV37UjYdU57x3rFr0d1DBnZDKg90yOpQ9QnGXdQN/WA= root@ubuntu-xenial
ssh-ed25519 AAAAC3NzaC1lZDI1NTE5AAAAIMroi5EWL5nOeEwew3HYQLRvkq1ZmK9U4AHrkKueGazU root@ubuntu-xenial
ssh-rsa AAAAB3NzaC1yc2EAAAADAQABAAABAQDJ2+IYzkhuztee8La4hlpOB5mAP6mY0cDvlu4ygskR+WYfG7UFWpEJ6dTHNd2HuyqXBRLi9dnpCeAyb6uWv1Y5FvpqHdjyhds5hAmnDKGWcOqnmg1A4OS0xQXG0pUDjNuW5yKqJ8EIioDr9cXKfA5JoOuHPcNmevcABDlaj3YIfQx6MR0nxJM86JJA2lgC9h13V7zr7FTg0BXFtdWSqZyMg/ktmgS6rHDCsn9v7f866x9mpLmHVAcIHBFli1im1dog4ZeSuRHXigUwOC8XoxmBTfAx6CWh7MvTnXyOgoLHyWBptV+OZNqxPgr9lGXGDFKLDpSJzK7o4ZHatAgHaNvB root@ubuntu-xenial
-----END SSH HOST KEY KEYS-----
[   22.459018] cloud-init[1377]: Cloud-init v. 0.7.9 running 'modules:final' at Sun, 23 Apr 2017 18:30:10 +0000. Up 22.03 seconds.
[   22.496437] cloud-init[1377]: ci-info: no authorized ssh keys fingerprints found for user ubuntu.
[   22.500939] cloud-init[1377]: Cloud-init v. 0.7.9 finished at Sun, 23 Apr 2017 18:30:10 +0000. Datasource DataSourceNoCloud [seed=/dev/sdb][dsmode=net].  Up 22.44 seconds
[[0;32m  OK  [0m] Started Execute cloud user/final scripts.
[[0;32m  OK  [0m] Reached target Cloud-init target.

Ubuntu 16.04.2 LTS ubuntu-xenial ttyS0

ubuntu-xenial login: 